<?xml version="1.0"?>
<link_info>
   <banner>MSP430 Linker PC v4.4.5</banner>
   <copyright>Copyright (c) 2003-2015 Texas Instruments Incorporated</copyright>
   <link_time>0x56c60cb3</link_time>
   <link_errors>0x0</link_errors>
   <output_file>coderino.out</output_file>
   <entry_point>
      <name>_c_int00_noargs_noexit_mpu</name>
      <address>0x4502</address>
   </entry_point>
   <input_file_list>
      <input_file id="fl-2">
         <path>.\</path>
         <kind>object</kind>
         <file>clocks.obj</file>
         <name>clocks.obj</name>
      </input_file>
      <input_file id="fl-3">
         <path>.\</path>
         <kind>object</kind>
         <file>main.obj</file>
         <name>main.obj</name>
      </input_file>
      <input_file id="fl-4">
         <path>.\</path>
         <kind>object</kind>
         <file>serial.obj</file>
         <name>serial.obj</name>
      </input_file>
      <input_file id="fl-5">
         <path>.\</path>
         <kind>object</kind>
         <file>utils.obj</file>
         <name>utils.obj</name>
      </input_file>
      <input_file id="fl-6">
         <path>.\touch\touch_src\</path>
         <kind>object</kind>
         <file>touch_coordinate.obj</file>
         <name>touch_coordinate.obj</name>
      </input_file>
      <input_file id="fl-7">
         <path>.\touch\touch_src\</path>
         <kind>object</kind>
         <file>touch_serial.obj</file>
         <name>touch_serial.obj</name>
      </input_file>
      <input_file id="fl-8">
         <path>.\touch\</path>
         <kind>object</kind>
         <file>touch.obj</file>
         <name>touch.obj</name>
      </input_file>
      <input_file id="fl-9">
         <path>.\filters\</path>
         <kind>object</kind>
         <file>filters.obj</file>
         <name>filters.obj</name>
      </input_file>
      <input_file id="fl-a">
         <path>.\filters\</path>
         <kind>object</kind>
         <file>unused_filters.obj</file>
         <name>unused_filters.obj</name>
      </input_file>
      <input_file id="fl-b">
         <path>.\display\</path>
         <kind>object</kind>
         <file>display.obj</file>
         <name>display.obj</name>
      </input_file>
      <input_file id="fl-c">
         <path>.\display\</path>
         <kind>object</kind>
         <file>display_timer.obj</file>
         <name>display_timer.obj</name>
      </input_file>
      <input_file id="fl-d">
         <path>.\display\display_src\</path>
         <kind>object</kind>
         <file>color.obj</file>
         <name>color.obj</name>
      </input_file>
      <input_file id="fl-e">
         <path>.\display\display_src\</path>
         <kind>object</kind>
         <file>display_functions.obj</file>
         <name>display_functions.obj</name>
      </input_file>
      <input_file id="fl-f">
         <path>.\display\display_src\</path>
         <kind>object</kind>
         <file>display_hal.obj</file>
         <name>display_hal.obj</name>
      </input_file>
      <input_file id="fl-10">
         <path>.\display\display_src\</path>
         <kind>object</kind>
         <file>display_interface.obj</file>
         <name>display_interface.obj</name>
      </input_file>
      <input_file id="fl-11">
         <path>.\display\display_src\</path>
         <kind>object</kind>
         <file>font.obj</file>
         <name>font.obj</name>
      </input_file>
      <input_file id="fl-12">
         <path>.\data\</path>
         <kind>object</kind>
         <file>ecg_data.obj</file>
         <name>ecg_data.obj</name>
      </input_file>
      <input_file id="fl-13">
         <path>.\buzzer\</path>
         <kind>object</kind>
         <file>buzzer.obj</file>
         <name>buzzer.obj</name>
      </input_file>
      <input_file id="fl-14">
         <path>.\afe\afe_src\</path>
         <kind>object</kind>
         <file>afe_serial.obj</file>
         <name>afe_serial.obj</name>
      </input_file>
      <input_file id="fl-15">
         <path>.\afe\</path>
         <kind>object</kind>
         <file>afe.obj</file>
         <name>afe.obj</name>
      </input_file>
      <input_file id="fl-50">
         <path>C:\ti\ccsv6\tools\compiler\ti-cgt-msp430_4.4.5\lib\</path>
         <kind>archive</kind>
         <file>rts430x_lc_rd_eabi.lib</file>
         <name>copy_decompress_none.obj</name>
      </input_file>
      <input_file id="fl-51">
         <path>C:\ti\ccsv6\tools\compiler\ti-cgt-msp430_4.4.5\lib\</path>
         <kind>archive</kind>
         <file>rts430x_lc_rd_eabi.lib</file>
         <name>copy_decompress_rle.obj</name>
      </input_file>
      <input_file id="fl-52">
         <path>C:\ti\ccsv6\tools\compiler\ti-cgt-msp430_4.4.5\lib\</path>
         <kind>archive</kind>
         <file>rts430x_lc_rd_eabi.lib</file>
         <name>int27.obj</name>
      </input_file>
      <input_file id="fl-53">
         <path>C:\ti\ccsv6\tools\compiler\ti-cgt-msp430_4.4.5\lib\</path>
         <kind>archive</kind>
         <file>rts430x_lc_rd_eabi.lib</file>
         <name>isr_trap.obj</name>
      </input_file>
      <input_file id="fl-54">
         <path>C:\ti\ccsv6\tools\compiler\ti-cgt-msp430_4.4.5\lib\</path>
         <kind>archive</kind>
         <file>rts430x_lc_rd_eabi.lib</file>
         <name>int28.obj</name>
      </input_file>
      <input_file id="fl-55">
         <path>C:\ti\ccsv6\tools\compiler\ti-cgt-msp430_4.4.5\lib\</path>
         <kind>archive</kind>
         <file>rts430x_lc_rd_eabi.lib</file>
         <name>int30.obj</name>
      </input_file>
      <input_file id="fl-56">
         <path>C:\ti\ccsv6\tools\compiler\ti-cgt-msp430_4.4.5\lib\</path>
         <kind>archive</kind>
         <file>rts430x_lc_rd_eabi.lib</file>
         <name>int31.obj</name>
      </input_file>
      <input_file id="fl-57">
         <path>C:\ti\ccsv6\tools\compiler\ti-cgt-msp430_4.4.5\lib\</path>
         <kind>archive</kind>
         <file>rts430x_lc_rd_eabi.lib</file>
         <name>int32.obj</name>
      </input_file>
      <input_file id="fl-58">
         <path>C:\ti\ccsv6\tools\compiler\ti-cgt-msp430_4.4.5\lib\</path>
         <kind>archive</kind>
         <file>rts430x_lc_rd_eabi.lib</file>
         <name>int34.obj</name>
      </input_file>
      <input_file id="fl-59">
         <path>C:\ti\ccsv6\tools\compiler\ti-cgt-msp430_4.4.5\lib\</path>
         <kind>archive</kind>
         <file>rts430x_lc_rd_eabi.lib</file>
         <name>int35.obj</name>
      </input_file>
      <input_file id="fl-5a">
         <path>C:\ti\ccsv6\tools\compiler\ti-cgt-msp430_4.4.5\lib\</path>
         <kind>archive</kind>
         <file>rts430x_lc_rd_eabi.lib</file>
         <name>int38.obj</name>
      </input_file>
      <input_file id="fl-5b">
         <path>C:\ti\ccsv6\tools\compiler\ti-cgt-msp430_4.4.5\lib\</path>
         <kind>archive</kind>
         <file>rts430x_lc_rd_eabi.lib</file>
         <name>int39.obj</name>
      </input_file>
      <input_file id="fl-5c">
         <path>C:\ti\ccsv6\tools\compiler\ti-cgt-msp430_4.4.5\lib\</path>
         <kind>archive</kind>
         <file>rts430x_lc_rd_eabi.lib</file>
         <name>int40.obj</name>
      </input_file>
      <input_file id="fl-5d">
         <path>C:\ti\ccsv6\tools\compiler\ti-cgt-msp430_4.4.5\lib\</path>
         <kind>archive</kind>
         <file>rts430x_lc_rd_eabi.lib</file>
         <name>int41.obj</name>
      </input_file>
      <input_file id="fl-5e">
         <path>C:\ti\ccsv6\tools\compiler\ti-cgt-msp430_4.4.5\lib\</path>
         <kind>archive</kind>
         <file>rts430x_lc_rd_eabi.lib</file>
         <name>int42.obj</name>
      </input_file>
      <input_file id="fl-5f">
         <path>C:\ti\ccsv6\tools\compiler\ti-cgt-msp430_4.4.5\lib\</path>
         <kind>archive</kind>
         <file>rts430x_lc_rd_eabi.lib</file>
         <name>int43.obj</name>
      </input_file>
      <input_file id="fl-60">
         <path>C:\ti\ccsv6\tools\compiler\ti-cgt-msp430_4.4.5\lib\</path>
         <kind>archive</kind>
         <file>rts430x_lc_rd_eabi.lib</file>
         <name>int44.obj</name>
      </input_file>
      <input_file id="fl-61">
         <path>C:\ti\ccsv6\tools\compiler\ti-cgt-msp430_4.4.5\lib\</path>
         <kind>archive</kind>
         <file>rts430x_lc_rd_eabi.lib</file>
         <name>int45.obj</name>
      </input_file>
      <input_file id="fl-62">
         <path>C:\ti\ccsv6\tools\compiler\ti-cgt-msp430_4.4.5\lib\</path>
         <kind>archive</kind>
         <file>rts430x_lc_rd_eabi.lib</file>
         <name>int46.obj</name>
      </input_file>
      <input_file id="fl-63">
         <path>C:\ti\ccsv6\tools\compiler\ti-cgt-msp430_4.4.5\lib\</path>
         <kind>archive</kind>
         <file>rts430x_lc_rd_eabi.lib</file>
         <name>int47.obj</name>
      </input_file>
      <input_file id="fl-64">
         <path>C:\ti\ccsv6\tools\compiler\ti-cgt-msp430_4.4.5\lib\</path>
         <kind>archive</kind>
         <file>rts430x_lc_rd_eabi.lib</file>
         <name>int49.obj</name>
      </input_file>
      <input_file id="fl-65">
         <path>C:\ti\ccsv6\tools\compiler\ti-cgt-msp430_4.4.5\lib\</path>
         <kind>archive</kind>
         <file>rts430x_lc_rd_eabi.lib</file>
         <name>int50.obj</name>
      </input_file>
      <input_file id="fl-66">
         <path>C:\ti\ccsv6\tools\compiler\ti-cgt-msp430_4.4.5\lib\</path>
         <kind>archive</kind>
         <file>rts430x_lc_rd_eabi.lib</file>
         <name>int51.obj</name>
      </input_file>
      <input_file id="fl-67">
         <path>C:\ti\ccsv6\tools\compiler\ti-cgt-msp430_4.4.5\lib\</path>
         <kind>archive</kind>
         <file>rts430x_lc_rd_eabi.lib</file>
         <name>int52.obj</name>
      </input_file>
      <input_file id="fl-68">
         <path>C:\ti\ccsv6\tools\compiler\ti-cgt-msp430_4.4.5\lib\</path>
         <kind>archive</kind>
         <file>rts430x_lc_rd_eabi.lib</file>
         <name>int53.obj</name>
      </input_file>
      <input_file id="fl-69">
         <path>C:\ti\ccsv6\tools\compiler\ti-cgt-msp430_4.4.5\lib\</path>
         <kind>archive</kind>
         <file>rts430x_lc_rd_eabi.lib</file>
         <name>int54.obj</name>
      </input_file>
      <input_file id="fl-6a">
         <path>C:\ti\ccsv6\tools\compiler\ti-cgt-msp430_4.4.5\lib\</path>
         <kind>archive</kind>
         <file>rts430x_lc_rd_eabi.lib</file>
         <name>copy_zero_init.obj</name>
      </input_file>
      <input_file id="fl-6b">
         <path>C:\ti\ccsv6\tools\compiler\ti-cgt-msp430_4.4.5\lib\</path>
         <kind>archive</kind>
         <file>rts430x_lc_rd_eabi.lib</file>
         <name>div16s.obj</name>
      </input_file>
      <input_file id="fl-6c">
         <path>C:\ti\ccsv6\tools\compiler\ti-cgt-msp430_4.4.5\lib\</path>
         <kind>archive</kind>
         <file>rts430x_lc_rd_eabi.lib</file>
         <name>div16u.obj</name>
      </input_file>
      <input_file id="fl-6d">
         <path>C:\ti\ccsv6\tools\compiler\ti-cgt-msp430_4.4.5\lib\</path>
         <kind>archive</kind>
         <file>rts430x_lc_rd_eabi.lib</file>
         <name>mult16.obj</name>
      </input_file>
      <input_file id="fl-6e">
         <path>C:\ti\ccsv6\tools\compiler\ti-cgt-msp430_4.4.5\lib\</path>
         <kind>archive</kind>
         <file>rts430x_lc_rd_eabi.lib</file>
         <name>mult16_f5hw.obj</name>
      </input_file>
      <input_file id="fl-6f">
         <path>C:\ti\ccsv6\tools\compiler\ti-cgt-msp430_4.4.5\lib\</path>
         <kind>archive</kind>
         <file>rts430x_lc_rd_eabi.lib</file>
         <name>mult32.obj</name>
      </input_file>
      <input_file id="fl-70">
         <path>C:\ti\ccsv6\tools\compiler\ti-cgt-msp430_4.4.5\lib\</path>
         <kind>archive</kind>
         <file>rts430x_lc_rd_eabi.lib</file>
         <name>mult32_f5hw.obj</name>
      </input_file>
      <input_file id="fl-71">
         <path>C:\ti\ccsv6\tools\compiler\ti-cgt-msp430_4.4.5\lib\</path>
         <kind>archive</kind>
         <file>rts430x_lc_rd_eabi.lib</file>
         <name>mult64_f5hw.obj</name>
      </input_file>
      <input_file id="fl-72">
         <path>C:\ti\ccsv6\tools\compiler\ti-cgt-msp430_4.4.5\lib\</path>
         <kind>archive</kind>
         <file>rts430x_lc_rd_eabi.lib</file>
         <name>mult1632_f5hw.obj</name>
      </input_file>
      <input_file id="fl-73">
         <path>C:\ti\ccsv6\tools\compiler\ti-cgt-msp430_4.4.5\lib\</path>
         <kind>archive</kind>
         <file>rts430x_lc_rd_eabi.lib</file>
         <name>mult3264_f5hw.obj</name>
      </input_file>
      <input_file id="fl-74">
         <path>C:\ti\ccsv6\tools\compiler\ti-cgt-msp430_4.4.5\lib\</path>
         <kind>archive</kind>
         <file>rts430x_lc_rd_eabi.lib</file>
         <name>asr32.obj</name>
      </input_file>
      <input_file id="fl-75">
         <path>C:\ti\ccsv6\tools\compiler\ti-cgt-msp430_4.4.5\lib\</path>
         <kind>archive</kind>
         <file>rts430x_lc_rd_eabi.lib</file>
         <name>boot.obj</name>
      </input_file>
      <input_file id="fl-76">
         <path>C:\ti\ccsv6\tools\compiler\ti-cgt-msp430_4.4.5\lib\</path>
         <kind>archive</kind>
         <file>rts430x_lc_rd_eabi.lib</file>
         <name>args_main.obj</name>
      </input_file>
      <input_file id="fl-77">
         <path>C:\ti\ccsv6\tools\compiler\ti-cgt-msp430_4.4.5\lib\</path>
         <kind>archive</kind>
         <file>rts430x_lc_rd_eabi.lib</file>
         <name>autoinit_wdt.obj</name>
      </input_file>
      <input_file id="fl-78">
         <path>C:\ti\ccsv6\tools\compiler\ti-cgt-msp430_4.4.5\lib\</path>
         <kind>archive</kind>
         <file>rts430x_lc_rd_eabi.lib</file>
         <name>boot_special.obj</name>
      </input_file>
      <input_file id="fl-79">
         <path>C:\ti\ccsv6\ccs_base\msp430\lib\FR59xx\</path>
         <kind>archive</kind>
         <file>MSPMPU_INIT_LIB_CCS_msp430_large_code_restricted_data.lib</file>
         <name>mpu_init.o</name>
      </input_file>
      <input_file id="fl-7a">
         <path>C:\ti\ccsv6\tools\compiler\ti-cgt-msp430_4.4.5\lib\</path>
         <kind>archive</kind>
         <file>rts430x_lc_rd_eabi.lib</file>
         <name>pre_init.obj</name>
      </input_file>
      <input_file id="fl-7b">
         <path>C:\ti\ccsv6\tools\compiler\ti-cgt-msp430_4.4.5\lib\</path>
         <kind>archive</kind>
         <file>rts430x_lc_rd_eabi.lib</file>
         <name>exit.obj</name>
      </input_file>
      <input_file id="fl-7c">
         <path>C:\ti\ccsv6\tools\compiler\ti-cgt-msp430_4.4.5\lib\</path>
         <kind>archive</kind>
         <file>rts430x_lc_rd_eabi.lib</file>
         <name>exit_gvars.obj</name>
      </input_file>
      <input_file id="fl-7d">
         <path>C:\ti\ccsv6\tools\compiler\ti-cgt-msp430_4.4.5\lib\</path>
         <kind>archive</kind>
         <file>rts430x_lc_rd_eabi.lib</file>
         <name>_lock.obj</name>
      </input_file>
      <input_file id="fl-7e">
         <path>C:\ti\ccsv6\tools\compiler\ti-cgt-msp430_4.4.5\lib\</path>
         <kind>archive</kind>
         <file>rts430x_lc_rd_eabi.lib</file>
         <name>memcpy.obj</name>
      </input_file>
      <input_file id="fl-7f">
         <path>C:\ti\ccsv6\tools\compiler\ti-cgt-msp430_4.4.5\lib\</path>
         <kind>archive</kind>
         <file>rts430x_lc_rd_eabi.lib</file>
         <name>memset.obj</name>
      </input_file>
   </input_file_list>
   <object_component_list>
      <object_component id="oc-390">
         <name>.cinit..data.load</name>
         <load_address>0x5548</load_address>
         <run_address>0x5548</run_address>
         <size>0xd</size>
      </object_component>
      <object_component id="oc-38d">
         <name>__TI_handler_table</name>
         <load_address>0x5556</load_address>
         <run_address>0x5556</run_address>
         <size>0xc</size>
      </object_component>
      <object_component id="oc-38f">
         <name>.cinit..bss.load</name>
         <load_address>0x5562</load_address>
         <run_address>0x5562</run_address>
         <size>0x6</size>
      </object_component>
      <object_component id="oc-38e">
         <name>__TI_cinit_table</name>
         <load_address>0x5568</load_address>
         <run_address>0x5568</run_address>
         <size>0x10</size>
      </object_component>
      <object_component id="oc-294">
         <name>.const</name>
         <load_address>0x453c</load_address>
         <run_address>0x453c</run_address>
         <size>0xbe5</size>
         <input_file_ref idref="fl-11"/>
      </object_component>
      <object_component id="oc-2f4">
         <name>.const:band_pass_coef</name>
         <load_address>0x5122</load_address>
         <run_address>0x5122</run_address>
         <size>0x3f4</size>
         <input_file_ref idref="fl-9"/>
      </object_component>
      <object_component id="oc-1e2">
         <name>.const:.string</name>
         <load_address>0x5516</load_address>
         <run_address>0x5516</run_address>
         <size>0x28</size>
         <input_file_ref idref="fl-3"/>
      </object_component>
      <object_component id="oc-1df">
         <name>.const</name>
         <load_address>0x553e</load_address>
         <run_address>0x553e</run_address>
         <size>0x6</size>
         <input_file_ref idref="fl-3"/>
      </object_component>
      <object_component id="oc-170">
         <name>.const</name>
         <load_address>0x5544</load_address>
         <run_address>0x5544</run_address>
         <size>0x3</size>
         <input_file_ref idref="fl-c"/>
      </object_component>
      <object_component id="oc-10b">
         <name>.text:_isr:Port_1</name>
         <load_address>0x4400</load_address>
         <run_address>0x4400</run_address>
         <size>0xd8</size>
         <input_file_ref idref="fl-4"/>
      </object_component>
      <object_component id="oc-105">
         <name>.text:_isr:Timer2_A0_ISR</name>
         <load_address>0x44d8</load_address>
         <run_address>0x44d8</run_address>
         <size>0x2a</size>
         <input_file_ref idref="fl-c"/>
      </object_component>
      <object_component id="oc-be">
         <name>.text:_isr:_c_int00_noargs_noexit_mpu</name>
         <load_address>0x4502</load_address>
         <run_address>0x4502</run_address>
         <size>0x1e</size>
         <input_file_ref idref="fl-78"/>
      </object_component>
      <object_component id="oc-ff">
         <name>.text:_isr:Timer3_A0_ISR</name>
         <load_address>0x4520</load_address>
         <run_address>0x4520</run_address>
         <size>0x16</size>
         <input_file_ref idref="fl-13"/>
      </object_component>
      <object_component id="oc-fa">
         <name>.text:_isr:__TI_ISR_TRAP</name>
         <load_address>0x4536</load_address>
         <run_address>0x4536</run_address>
         <size>0x6</size>
         <input_file_ref idref="fl-53"/>
      </object_component>
      <object_component id="oc-1d9">
         <name>.text:display_init</name>
         <load_address>0x10000</load_address>
         <run_address>0x10000</run_address>
         <size>0x316</size>
         <input_file_ref idref="fl-b"/>
      </object_component>
      <object_component id="oc-299">
         <name>.text:band_pass_filterino</name>
         <load_address>0x10316</load_address>
         <run_address>0x10316</run_address>
         <size>0x150</size>
         <input_file_ref idref="fl-9"/>
      </object_component>
      <object_component id="oc-28e">
         <name>.text:display_functions_write_char</name>
         <load_address>0x10466</load_address>
         <run_address>0x10466</run_address>
         <size>0xf2</size>
         <input_file_ref idref="fl-e"/>
      </object_component>
      <object_component id="oc-171">
         <name>.text:display_interface_write_signal</name>
         <load_address>0x10558</load_address>
         <run_address>0x10558</run_address>
         <size>0xf0</size>
         <input_file_ref idref="fl-10"/>
      </object_component>
      <object_component id="oc-212">
         <name>.text:display_functions_write_line</name>
         <load_address>0x10648</load_address>
         <run_address>0x10648</run_address>
         <size>0xe4</size>
         <input_file_ref idref="fl-e"/>
      </object_component>
      <object_component id="oc-138">
         <name>.text:main</name>
         <load_address>0x1072c</load_address>
         <run_address>0x1072c</run_address>
         <size>0xde</size>
         <input_file_ref idref="fl-3"/>
      </object_component>
      <object_component id="oc-2e0">
         <name>.text:display_interface_windows_setup</name>
         <load_address>0x1080a</load_address>
         <run_address>0x1080a</run_address>
         <size>0xae</size>
         <input_file_ref idref="fl-10"/>
      </object_component>
      <object_component id="oc-1d3">
         <name>.text:afe_init</name>
         <load_address>0x108b8</load_address>
         <run_address>0x108b8</run_address>
         <size>0xa4</size>
         <input_file_ref idref="fl-15"/>
      </object_component>
      <object_component id="oc-2ac">
         <name>.text:display_hal_write_GRAM</name>
         <load_address>0x1095c</load_address>
         <run_address>0x1095c</run_address>
         <size>0x96</size>
         <input_file_ref idref="fl-f"/>
      </object_component>
      <object_component id="oc-1e3">
         <name>.text:display_functions_write_string</name>
         <load_address>0x109f2</load_address>
         <run_address>0x109f2</run_address>
         <size>0x84</size>
         <input_file_ref idref="fl-e"/>
      </object_component>
      <object_component id="oc-30f">
         <name>.text:display_interface_draw_window</name>
         <load_address>0x10a76</load_address>
         <run_address>0x10a76</run_address>
         <size>0x84</size>
         <input_file_ref idref="fl-10"/>
      </object_component>
      <object_component id="oc-1c7">
         <name>.text:afe_setup</name>
         <load_address>0x10afa</load_address>
         <run_address>0x10afa</run_address>
         <size>0x7a</size>
         <input_file_ref idref="fl-15"/>
      </object_component>
      <object_component id="oc-26d">
         <name>.text:display_hal_write_reg</name>
         <load_address>0x10b74</load_address>
         <run_address>0x10b74</run_address>
         <size>0x76</size>
         <input_file_ref idref="fl-f"/>
      </object_component>
      <object_component id="oc-2e9">
         <name>.text:font_get_char</name>
         <load_address>0x10bea</load_address>
         <run_address>0x10bea</run_address>
         <size>0x74</size>
         <input_file_ref idref="fl-11"/>
      </object_component>
      <object_component id="oc-11e">
         <name>.text:_auto_init_hold_wdt</name>
         <load_address>0x10c5e</load_address>
         <run_address>0x10c5e</run_address>
         <size>0x6c</size>
         <input_file_ref idref="fl-77"/>
      </object_component>
      <object_component id="oc-260">
         <name>.text:afe_serial_write_register</name>
         <load_address>0x10cca</load_address>
         <run_address>0x10cca</run_address>
         <size>0x6a</size>
         <input_file_ref idref="fl-14"/>
      </object_component>
      <object_component id="oc-2c5">
         <name>.text:display_set_sweep_time</name>
         <load_address>0x10d34</load_address>
         <run_address>0x10d34</run_address>
         <size>0x6a</size>
         <input_file_ref idref="fl-c"/>
      </object_component>
      <object_component id="oc-ed">
         <name>.text:__TI_decompress_rle_core</name>
         <load_address>0x10d9e</load_address>
         <run_address>0x10d9e</run_address>
         <size>0x68</size>
         <input_file_ref idref="fl-51"/>
      </object_component>
      <object_component id="oc-279">
         <name>.text:display_interface_init</name>
         <load_address>0x10e06</load_address>
         <run_address>0x10e06</run_address>
         <size>0x54</size>
         <input_file_ref idref="fl-10"/>
      </object_component>
      <object_component id="oc-1c1">
         <name>.text:clocks_setup</name>
         <load_address>0x10e5a</load_address>
         <run_address>0x10e5a</run_address>
         <size>0x50</size>
         <input_file_ref idref="fl-2"/>
      </object_component>
      <object_component id="oc-2a6">
         <name>.text:display_hal_set_GRAM_position</name>
         <load_address>0x10eaa</load_address>
         <run_address>0x10eaa</run_address>
         <size>0x48</size>
         <input_file_ref idref="fl-f"/>
      </object_component>
      <object_component id="oc-196">
         <name>.text:ecg_data_write</name>
         <load_address>0x10ef2</load_address>
         <run_address>0x10ef2</run_address>
         <size>0x40</size>
         <input_file_ref idref="fl-12"/>
      </object_component>
      <object_component id="oc-20b">
         <name>.text:display_functions_write_pixel</name>
         <load_address>0x10f32</load_address>
         <run_address>0x10f32</run_address>
         <size>0x3e</size>
         <input_file_ref idref="fl-e"/>
      </object_component>
      <object_component id="oc-2fe">
         <name>.text:l_asr_const</name>
         <load_address>0x10f70</load_address>
         <run_address>0x10f70</run_address>
         <size>0x3e</size>
         <input_file_ref idref="fl-74"/>
      </object_component>
      <object_component id="oc-189">
         <name>.text:afe_serial_send</name>
         <load_address>0x10fae</load_address>
         <run_address>0x10fae</run_address>
         <size>0x3a</size>
         <input_file_ref idref="fl-14"/>
      </object_component>
      <object_component id="oc-1cd">
         <name>.text:display_setup</name>
         <load_address>0x10fe8</load_address>
         <run_address>0x10fe8</run_address>
         <size>0x36</size>
         <input_file_ref idref="fl-b"/>
      </object_component>
      <object_component id="oc-273">
         <name>.text:color_set_value</name>
         <load_address>0x1101e</load_address>
         <run_address>0x1101e</run_address>
         <size>0x34</size>
         <input_file_ref idref="fl-d"/>
      </object_component>
      <object_component id="oc-1e9">
         <name>.text:filter_sample</name>
         <load_address>0x11052</load_address>
         <run_address>0x11052</run_address>
         <size>0x34</size>
         <input_file_ref idref="fl-9"/>
      </object_component>
      <object_component id="oc-25a">
         <name>.text:delay_ms</name>
         <load_address>0x11086</load_address>
         <run_address>0x11086</run_address>
         <size>0x32</size>
         <input_file_ref idref="fl-5"/>
      </object_component>
      <object_component id="oc-2da">
         <name>.text:display_interface_set_index</name>
         <load_address>0x110b8</load_address>
         <run_address>0x110b8</run_address>
         <size>0x2e</size>
         <input_file_ref idref="fl-10"/>
      </object_component>
      <object_component id="oc-2b3">
         <name>.text</name>
         <load_address>0x110e6</load_address>
         <run_address>0x110e6</run_address>
         <size>0x2c</size>
         <input_file_ref idref="fl-6b"/>
      </object_component>
      <object_component id="oc-131">
         <name>.text:__mpu_init</name>
         <load_address>0x11112</load_address>
         <run_address>0x11112</run_address>
         <size>0x28</size>
         <input_file_ref idref="fl-79"/>
      </object_component>
      <object_component id="oc-2d1">
         <name>.text:display_hal_write</name>
         <load_address>0x1113a</load_address>
         <run_address>0x1113a</run_address>
         <size>0x28</size>
         <input_file_ref idref="fl-f"/>
      </object_component>
      <object_component id="oc-218">
         <name>.text:display_interface_inc_index</name>
         <load_address>0x11162</load_address>
         <run_address>0x11162</run_address>
         <size>0x28</size>
         <input_file_ref idref="fl-10"/>
      </object_component>
      <object_component id="oc-205">
         <name>.text:display_interface_get_index</name>
         <load_address>0x1118a</load_address>
         <run_address>0x1118a</run_address>
         <size>0x26</size>
         <input_file_ref idref="fl-10"/>
      </object_component>
      <object_component id="oc-9a">
         <name>.text:decompress:ZI:__TI_zero_init</name>
         <load_address>0x111b0</load_address>
         <run_address>0x111b0</run_address>
         <size>0x24</size>
         <input_file_ref idref="fl-6a"/>
      </object_component>
      <object_component id="oc-2f8">
         <name>.text</name>
         <load_address>0x111d4</load_address>
         <run_address>0x111d4</run_address>
         <size>0x22</size>
         <input_file_ref idref="fl-70"/>
      </object_component>
      <object_component id="oc-183">
         <name>.text:memset</name>
         <load_address>0x111f6</load_address>
         <run_address>0x111f6</run_address>
         <size>0x16</size>
         <input_file_ref idref="fl-7f"/>
      </object_component>
      <object_component id="oc-2a0">
         <name>.text</name>
         <load_address>0x1120c</load_address>
         <run_address>0x1120c</run_address>
         <size>0x16</size>
         <input_file_ref idref="fl-6c"/>
      </object_component>
      <object_component id="oc-316">
         <name>.text</name>
         <load_address>0x11222</load_address>
         <run_address>0x11222</run_address>
         <size>0x16</size>
         <input_file_ref idref="fl-6e"/>
      </object_component>
      <object_component id="oc-18f">
         <name>.text:shitty_abs</name>
         <load_address>0x11238</load_address>
         <run_address>0x11238</run_address>
         <size>0x16</size>
         <input_file_ref idref="fl-4"/>
      </object_component>
      <object_component id="oc-252">
         <name>.text:display_timer_setup</name>
         <load_address>0x1124e</load_address>
         <run_address>0x1124e</run_address>
         <size>0x14</size>
         <input_file_ref idref="fl-c"/>
      </object_component>
      <object_component id="oc-e0">
         <name>.text:memcpy</name>
         <load_address>0x11262</load_address>
         <run_address>0x11262</run_address>
         <size>0x14</size>
         <input_file_ref idref="fl-7e"/>
      </object_component>
      <object_component id="oc-74">
         <name>.text:decompress:none:__TI_decompress_none</name>
         <load_address>0x11276</load_address>
         <run_address>0x11276</run_address>
         <size>0x12</size>
         <input_file_ref idref="fl-50"/>
      </object_component>
      <object_component id="oc-267">
         <name>.text:display_hal_output</name>
         <load_address>0x11288</load_address>
         <run_address>0x11288</run_address>
         <size>0x12</size>
         <input_file_ref idref="fl-f"/>
      </object_component>
      <object_component id="oc-1bb">
         <name>.text:ecg_data_clear</name>
         <load_address>0x1129a</load_address>
         <run_address>0x1129a</run_address>
         <size>0x12</size>
         <input_file_ref idref="fl-12"/>
      </object_component>
      <object_component id="oc-165">
         <name>.text:buzzer_stop</name>
         <load_address>0x112ac</load_address>
         <run_address>0x112ac</run_address>
         <size>0x10</size>
         <input_file_ref idref="fl-13"/>
      </object_component>
      <object_component id="oc-285">
         <name>.text:display_timer_start</name>
         <load_address>0x112bc</load_address>
         <run_address>0x112bc</run_address>
         <size>0xe</size>
         <input_file_ref idref="fl-c"/>
      </object_component>
      <object_component id="oc-27f">
         <name>.text:display_hal_screen_on</name>
         <load_address>0x112ca</load_address>
         <run_address>0x112ca</run_address>
         <size>0x8</size>
         <input_file_ref idref="fl-f"/>
      </object_component>
      <object_component id="oc-7a">
         <name>.text:decompress:rle24:__TI_decompress_rle24</name>
         <load_address>0x112d2</load_address>
         <run_address>0x112d2</run_address>
         <size>0x6</size>
         <input_file_ref idref="fl-51"/>
      </object_component>
      <object_component id="oc-118">
         <name>.text:_system_pre_init</name>
         <load_address>0x112d8</load_address>
         <run_address>0x112d8</run_address>
         <size>0x4</size>
         <input_file_ref idref="fl-7a"/>
      </object_component>
      <object_component id="oc-140">
         <name>.text:abort</name>
         <load_address>0x112dc</load_address>
         <run_address>0x112dc</run_address>
         <size>0x4</size>
         <input_file_ref idref="fl-7b"/>
      </object_component>
      <object_component id="oc-16c">
         <name>.common:display</name>
         <uninitialized>true</uninitialized>
         <run_address>0x1ff6</run_address>
         <size>0x10</size>
      </object_component>
      <object_component id="oc-16f">
         <name>.common:last_sample</name>
         <uninitialized>true</uninitialized>
         <run_address>0x200a</run_address>
         <size>0x2</size>
      </object_component>
      <object_component id="oc-195">
         <name>.common:last_sample_1</name>
         <uninitialized>true</uninitialized>
         <run_address>0x200c</run_address>
         <size>0x2</size>
      </object_component>
      <object_component id="oc-1ba">
         <name>.common:bpm</name>
         <uninitialized>true</uninitialized>
         <run_address>0x2006</run_address>
         <size>0x2</size>
      </object_component>
      <object_component id="oc-19c">
         <name>.common:flag</name>
         <uninitialized>true</uninitialized>
         <run_address>0x2008</run_address>
         <size>0x2</size>
      </object_component>
      <object_component id="oc-2f7">
         <name>.data:bp_buffer$1</name>
         <load_address>0x1c00</load_address>
         <run_address>0x1c00</run_address>
         <size>0x3f0</size>
         <input_file_ref idref="fl-9"/>
      </object_component>
      <object_component id="oc-2fd">
         <name>.data</name>
         <load_address>0x1ff0</load_address>
         <run_address>0x1ff0</run_address>
         <size>0x4</size>
         <input_file_ref idref="fl-9"/>
      </object_component>
      <object_component id="oc-211">
         <name>.data</name>
         <load_address>0x1ff4</load_address>
         <run_address>0x1ff4</run_address>
         <size>0x2</size>
         <input_file_ref idref="fl-10"/>
      </object_component>
      <object_component id="oc-dc">
         <name>.stack</name>
         <uninitialized>true</uninitialized>
         <run_address>0x2360</run_address>
         <size>0x4</size>
         <input_file_ref idref="fl-75"/>
      </object_component>
      <object_component id="oc-391">
         <name>.stack</name>
         <uninitialized>true</uninitialized>
         <run_address>0x2360</run_address>
         <size>0x0</size>
      </object_component>
      <object_component id="oc-80">
         <name>.int27</name>
         <load_address>0xffc6</load_address>
         <run_address>0xffc6</run_address>
         <size>0x2</size>
         <input_file_ref idref="fl-52"/>
      </object_component>
      <object_component id="oc-81">
         <name>.int28</name>
         <load_address>0xffc8</load_address>
         <run_address>0xffc8</run_address>
         <size>0x2</size>
         <input_file_ref idref="fl-54"/>
      </object_component>
      <object_component id="oc-82">
         <name>.int30</name>
         <load_address>0xffcc</load_address>
         <run_address>0xffcc</run_address>
         <size>0x2</size>
         <input_file_ref idref="fl-55"/>
      </object_component>
      <object_component id="oc-83">
         <name>.int31</name>
         <load_address>0xffce</load_address>
         <run_address>0xffce</run_address>
         <size>0x2</size>
         <input_file_ref idref="fl-56"/>
      </object_component>
      <object_component id="oc-84">
         <name>.int32</name>
         <load_address>0xffd0</load_address>
         <run_address>0xffd0</run_address>
         <size>0x2</size>
         <input_file_ref idref="fl-57"/>
      </object_component>
      <object_component id="oc-85">
         <name>.int33</name>
         <load_address>0xffd2</load_address>
         <run_address>0xffd2</run_address>
         <size>0x2</size>
         <input_file_ref idref="fl-13"/>
      </object_component>
      <object_component id="oc-86">
         <name>.int34</name>
         <load_address>0xffd4</load_address>
         <run_address>0xffd4</run_address>
         <size>0x2</size>
         <input_file_ref idref="fl-58"/>
      </object_component>
      <object_component id="oc-87">
         <name>.int35</name>
         <load_address>0xffd6</load_address>
         <run_address>0xffd6</run_address>
         <size>0x2</size>
         <input_file_ref idref="fl-59"/>
      </object_component>
      <object_component id="oc-88">
         <name>.int36</name>
         <load_address>0xffd8</load_address>
         <run_address>0xffd8</run_address>
         <size>0x2</size>
         <input_file_ref idref="fl-c"/>
      </object_component>
      <object_component id="oc-89">
         <name>.int37</name>
         <load_address>0xffda</load_address>
         <run_address>0xffda</run_address>
         <size>0x2</size>
         <input_file_ref idref="fl-4"/>
      </object_component>
      <object_component id="oc-8a">
         <name>.int38</name>
         <load_address>0xffdc</load_address>
         <run_address>0xffdc</run_address>
         <size>0x2</size>
         <input_file_ref idref="fl-5a"/>
      </object_component>
      <object_component id="oc-8b">
         <name>.int39</name>
         <load_address>0xffde</load_address>
         <run_address>0xffde</run_address>
         <size>0x2</size>
         <input_file_ref idref="fl-5b"/>
      </object_component>
      <object_component id="oc-8c">
         <name>.int40</name>
         <load_address>0xffe0</load_address>
         <run_address>0xffe0</run_address>
         <size>0x2</size>
         <input_file_ref idref="fl-5c"/>
      </object_component>
      <object_component id="oc-8d">
         <name>.int41</name>
         <load_address>0xffe2</load_address>
         <run_address>0xffe2</run_address>
         <size>0x2</size>
         <input_file_ref idref="fl-5d"/>
      </object_component>
      <object_component id="oc-8e">
         <name>.int42</name>
         <load_address>0xffe4</load_address>
         <run_address>0xffe4</run_address>
         <size>0x2</size>
         <input_file_ref idref="fl-5e"/>
      </object_component>
      <object_component id="oc-8f">
         <name>.int43</name>
         <load_address>0xffe6</load_address>
         <run_address>0xffe6</run_address>
         <size>0x2</size>
         <input_file_ref idref="fl-5f"/>
      </object_component>
      <object_component id="oc-90">
         <name>.int44</name>
         <load_address>0xffe8</load_address>
         <run_address>0xffe8</run_address>
         <size>0x2</size>
         <input_file_ref idref="fl-60"/>
      </object_component>
      <object_component id="oc-91">
         <name>.int45</name>
         <load_address>0xffea</load_address>
         <run_address>0xffea</run_address>
         <size>0x2</size>
         <input_file_ref idref="fl-61"/>
      </object_component>
      <object_component id="oc-92">
         <name>.int46</name>
         <load_address>0xffec</load_address>
         <run_address>0xffec</run_address>
         <size>0x2</size>
         <input_file_ref idref="fl-62"/>
      </object_component>
      <object_component id="oc-93">
         <name>.int47</name>
         <load_address>0xffee</load_address>
         <run_address>0xffee</run_address>
         <size>0x2</size>
         <input_file_ref idref="fl-63"/>
      </object_component>
      <object_component id="oc-94">
         <name>.int49</name>
         <load_address>0xfff2</load_address>
         <run_address>0xfff2</run_address>
         <size>0x2</size>
         <input_file_ref idref="fl-64"/>
      </object_component>
      <object_component id="oc-95">
         <name>.int50</name>
         <load_address>0xfff4</load_address>
         <run_address>0xfff4</run_address>
         <size>0x2</size>
         <input_file_ref idref="fl-65"/>
      </object_component>
      <object_component id="oc-96">
         <name>.int51</name>
         <load_address>0xfff6</load_address>
         <run_address>0xfff6</run_address>
         <size>0x2</size>
         <input_file_ref idref="fl-66"/>
      </object_component>
      <object_component id="oc-97">
         <name>.int52</name>
         <load_address>0xfff8</load_address>
         <run_address>0xfff8</run_address>
         <size>0x2</size>
         <input_file_ref idref="fl-67"/>
      </object_component>
      <object_component id="oc-98">
         <name>.int53</name>
         <load_address>0xfffa</load_address>
         <run_address>0xfffa</run_address>
         <size>0x2</size>
         <input_file_ref idref="fl-68"/>
      </object_component>
      <object_component id="oc-99">
         <name>.int54</name>
         <load_address>0xfffc</load_address>
         <run_address>0xfffc</run_address>
         <size>0x2</size>
         <input_file_ref idref="fl-69"/>
      </object_component>
      <object_component id="oc-df">
         <name>.reset</name>
         <load_address>0xfffe</load_address>
         <run_address>0xfffe</run_address>
         <size>0x2</size>
         <input_file_ref idref="fl-75"/>
      </object_component>
      <object_component id="oc-1c2">
         <name>.debug_info</name>
         <load_address>0x0</load_address>
         <run_address>0x0</run_address>
         <size>0x10b</size>
         <input_file_ref idref="fl-2"/>
      </object_component>
      <object_component id="oc-14e">
         <name>.debug_info</name>
         <load_address>0x10b</load_address>
         <run_address>0x10b</run_address>
         <size>0x84</size>
         <input_file_ref idref="fl-2"/>
      </object_component>
      <object_component id="oc-16d">
         <name>.debug_info</name>
         <load_address>0x18f</load_address>
         <run_address>0x18f</run_address>
         <size>0x3f5</size>
         <input_file_ref idref="fl-3"/>
      </object_component>
      <object_component id="oc-1e0">
         <name>.debug_info</name>
         <load_address>0x584</load_address>
         <run_address>0x584</run_address>
         <size>0xee</size>
         <input_file_ref idref="fl-3"/>
      </object_component>
      <object_component id="oc-139">
         <name>.debug_info</name>
         <load_address>0x672</load_address>
         <run_address>0x672</run_address>
         <size>0x260</size>
         <input_file_ref idref="fl-3"/>
      </object_component>
      <object_component id="oc-17e">
         <name>.debug_info</name>
         <load_address>0x8d2</load_address>
         <run_address>0x8d2</run_address>
         <size>0x18b</size>
         <input_file_ref idref="fl-3"/>
      </object_component>
      <object_component id="oc-1f0">
         <name>.debug_info</name>
         <load_address>0xa5d</load_address>
         <run_address>0xa5d</run_address>
         <size>0x76</size>
         <input_file_ref idref="fl-3"/>
      </object_component>
      <object_component id="oc-222">
         <name>.debug_info</name>
         <load_address>0xad3</load_address>
         <run_address>0xad3</run_address>
         <size>0xc6</size>
         <input_file_ref idref="fl-3"/>
      </object_component>
      <object_component id="oc-1fb">
         <name>.debug_info</name>
         <load_address>0xb99</load_address>
         <run_address>0xb99</run_address>
         <size>0x4e</size>
         <input_file_ref idref="fl-3"/>
      </object_component>
      <object_component id="oc-178">
         <name>.debug_info</name>
         <load_address>0xbe7</load_address>
         <run_address>0xbe7</run_address>
         <size>0x4e</size>
         <input_file_ref idref="fl-3"/>
      </object_component>
      <object_component id="oc-200">
         <name>.debug_info</name>
         <load_address>0xc35</load_address>
         <run_address>0xc35</run_address>
         <size>0xb3</size>
         <input_file_ref idref="fl-3"/>
      </object_component>
      <object_component id="oc-19e">
         <name>.debug_info</name>
         <load_address>0xce8</load_address>
         <run_address>0xce8</run_address>
         <size>0x320</size>
         <input_file_ref idref="fl-4"/>
      </object_component>
      <object_component id="oc-190">
         <name>.debug_info</name>
         <load_address>0x1008</load_address>
         <run_address>0x1008</run_address>
         <size>0x136</size>
         <input_file_ref idref="fl-4"/>
      </object_component>
      <object_component id="oc-10c">
         <name>.debug_info</name>
         <load_address>0x113e</load_address>
         <run_address>0x113e</run_address>
         <size>0x1b1</size>
         <input_file_ref idref="fl-4"/>
      </object_component>
      <object_component id="oc-25b">
         <name>.debug_info</name>
         <load_address>0x12ef</load_address>
         <run_address>0x12ef</run_address>
         <size>0x127</size>
         <input_file_ref idref="fl-5"/>
      </object_component>
      <object_component id="oc-304">
         <name>.debug_info</name>
         <load_address>0x1416</load_address>
         <run_address>0x1416</run_address>
         <size>0x18f</size>
         <input_file_ref idref="fl-9"/>
      </object_component>
      <object_component id="oc-2f5">
         <name>.debug_info</name>
         <load_address>0x15a5</load_address>
         <run_address>0x15a5</run_address>
         <size>0xea</size>
         <input_file_ref idref="fl-9"/>
      </object_component>
      <object_component id="oc-29a">
         <name>.debug_info</name>
         <load_address>0x168f</load_address>
         <run_address>0x168f</run_address>
         <size>0x237</size>
         <input_file_ref idref="fl-9"/>
      </object_component>
      <object_component id="oc-1ea">
         <name>.debug_info</name>
         <load_address>0x18c6</load_address>
         <run_address>0x18c6</run_address>
         <size>0x198</size>
         <input_file_ref idref="fl-9"/>
      </object_component>
      <object_component id="oc-259">
         <name>.debug_info</name>
         <load_address>0x1a5e</load_address>
         <run_address>0x1a5e</run_address>
         <size>0x3d2</size>
         <input_file_ref idref="fl-b"/>
      </object_component>
      <object_component id="oc-1ce">
         <name>.debug_info</name>
         <load_address>0x1e30</load_address>
         <run_address>0x1e30</run_address>
         <size>0x171</size>
         <input_file_ref idref="fl-b"/>
      </object_component>
      <object_component id="oc-1da">
         <name>.debug_info</name>
         <load_address>0x1fa1</load_address>
         <run_address>0x1fa1</run_address>
         <size>0x7ec</size>
         <input_file_ref idref="fl-b"/>
      </object_component>
      <object_component id="oc-17d">
         <name>.debug_info</name>
         <load_address>0x278d</load_address>
         <run_address>0x278d</run_address>
         <size>0x31a</size>
         <input_file_ref idref="fl-c"/>
      </object_component>
      <object_component id="oc-106">
         <name>.debug_info</name>
         <load_address>0x2aa7</load_address>
         <run_address>0x2aa7</run_address>
         <size>0x1c8</size>
         <input_file_ref idref="fl-c"/>
      </object_component>
      <object_component id="oc-2c6">
         <name>.debug_info</name>
         <load_address>0x2c6f</load_address>
         <run_address>0x2c6f</run_address>
         <size>0x1d6</size>
         <input_file_ref idref="fl-c"/>
      </object_component>
      <object_component id="oc-253">
         <name>.debug_info</name>
         <load_address>0x2e45</load_address>
         <run_address>0x2e45</run_address>
         <size>0x163</size>
         <input_file_ref idref="fl-c"/>
      </object_component>
      <object_component id="oc-286">
         <name>.debug_info</name>
         <load_address>0x2fa8</load_address>
         <run_address>0x2fa8</run_address>
         <size>0x146</size>
         <input_file_ref idref="fl-c"/>
      </object_component>
      <object_component id="oc-2d9">
         <name>.debug_info</name>
         <load_address>0x30ee</load_address>
         <run_address>0x30ee</run_address>
         <size>0x14d</size>
         <input_file_ref idref="fl-d"/>
      </object_component>
      <object_component id="oc-274">
         <name>.debug_info</name>
         <load_address>0x323b</load_address>
         <run_address>0x323b</run_address>
         <size>0x1da</size>
         <input_file_ref idref="fl-d"/>
      </object_component>
      <object_component id="oc-298">
         <name>.debug_info</name>
         <load_address>0x3415</load_address>
         <run_address>0x3415</run_address>
         <size>0x2c9</size>
         <input_file_ref idref="fl-e"/>
      </object_component>
      <object_component id="oc-20c">
         <name>.debug_info</name>
         <load_address>0x36de</load_address>
         <run_address>0x36de</run_address>
         <size>0x241</size>
         <input_file_ref idref="fl-e"/>
      </object_component>
      <object_component id="oc-213">
         <name>.debug_info</name>
         <load_address>0x391f</load_address>
         <run_address>0x391f</run_address>
         <size>0x34d</size>
         <input_file_ref idref="fl-e"/>
      </object_component>
      <object_component id="oc-28f">
         <name>.debug_info</name>
         <load_address>0x3c6c</load_address>
         <run_address>0x3c6c</run_address>
         <size>0x382</size>
         <input_file_ref idref="fl-e"/>
      </object_component>
      <object_component id="oc-1e4">
         <name>.debug_info</name>
         <load_address>0x3fee</load_address>
         <run_address>0x3fee</run_address>
         <size>0x2c7</size>
         <input_file_ref idref="fl-e"/>
      </object_component>
      <object_component id="oc-308">
         <name>.debug_info</name>
         <load_address>0x42b5</load_address>
         <run_address>0x42b5</run_address>
         <size>0x231</size>
         <input_file_ref idref="fl-f"/>
      </object_component>
      <object_component id="oc-268">
         <name>.debug_info</name>
         <load_address>0x44e6</load_address>
         <run_address>0x44e6</run_address>
         <size>0x162</size>
         <input_file_ref idref="fl-f"/>
      </object_component>
      <object_component id="oc-280">
         <name>.debug_info</name>
         <load_address>0x4648</load_address>
         <run_address>0x4648</run_address>
         <size>0x168</size>
         <input_file_ref idref="fl-f"/>
      </object_component>
      <object_component id="oc-2d2">
         <name>.debug_info</name>
         <load_address>0x47b0</load_address>
         <run_address>0x47b0</run_address>
         <size>0x192</size>
         <input_file_ref idref="fl-f"/>
      </object_component>
      <object_component id="oc-26e">
         <name>.debug_info</name>
         <load_address>0x4942</load_address>
         <run_address>0x4942</run_address>
         <size>0x245</size>
         <input_file_ref idref="fl-f"/>
      </object_component>
      <object_component id="oc-2ad">
         <name>.debug_info</name>
         <load_address>0x4b87</load_address>
         <run_address>0x4b87</run_address>
         <size>0x22a</size>
         <input_file_ref idref="fl-f"/>
      </object_component>
      <object_component id="oc-2a7">
         <name>.debug_info</name>
         <load_address>0x4db1</load_address>
         <run_address>0x4db1</run_address>
         <size>0x232</size>
         <input_file_ref idref="fl-f"/>
      </object_component>
      <object_component id="oc-21f">
         <name>.debug_info</name>
         <load_address>0x4fe3</load_address>
         <run_address>0x4fe3</run_address>
         <size>0x2d6</size>
         <input_file_ref idref="fl-10"/>
      </object_component>
      <object_component id="oc-310">
         <name>.debug_info</name>
         <load_address>0x52b9</load_address>
         <run_address>0x52b9</run_address>
         <size>0x2c2</size>
         <input_file_ref idref="fl-10"/>
      </object_component>
      <object_component id="oc-2e1">
         <name>.debug_info</name>
         <load_address>0x557b</load_address>
         <run_address>0x557b</run_address>
         <size>0x3a8</size>
         <input_file_ref idref="fl-10"/>
      </object_component>
      <object_component id="oc-206">
         <name>.debug_info</name>
         <load_address>0x5923</load_address>
         <run_address>0x5923</run_address>
         <size>0x233</size>
         <input_file_ref idref="fl-10"/>
      </object_component>
      <object_component id="oc-2db">
         <name>.debug_info</name>
         <load_address>0x5b56</load_address>
         <run_address>0x5b56</run_address>
         <size>0x217</size>
         <input_file_ref idref="fl-10"/>
      </object_component>
      <object_component id="oc-219">
         <name>.debug_info</name>
         <load_address>0x5d6d</load_address>
         <run_address>0x5d6d</run_address>
         <size>0x1f0</size>
         <input_file_ref idref="fl-10"/>
      </object_component>
      <object_component id="oc-27a">
         <name>.debug_info</name>
         <load_address>0x5f5d</load_address>
         <run_address>0x5f5d</run_address>
         <size>0x37d</size>
         <input_file_ref idref="fl-10"/>
      </object_component>
      <object_component id="oc-172">
         <name>.debug_info</name>
         <load_address>0x62da</load_address>
         <run_address>0x62da</run_address>
         <size>0x408</size>
         <input_file_ref idref="fl-10"/>
      </object_component>
      <object_component id="oc-31c">
         <name>.debug_info</name>
         <load_address>0x66e2</load_address>
         <run_address>0x66e2</run_address>
         <size>0x17c</size>
         <input_file_ref idref="fl-11"/>
      </object_component>
      <object_component id="oc-295">
         <name>.debug_info</name>
         <load_address>0x685e</load_address>
         <run_address>0x685e</run_address>
         <size>0xdf</size>
         <input_file_ref idref="fl-11"/>
      </object_component>
      <object_component id="oc-2ea">
         <name>.debug_info</name>
         <load_address>0x693d</load_address>
         <run_address>0x693d</run_address>
         <size>0x259</size>
         <input_file_ref idref="fl-11"/>
      </object_component>
      <object_component id="oc-22c">
         <name>.debug_info</name>
         <load_address>0x6b96</load_address>
         <run_address>0x6b96</run_address>
         <size>0x14b</size>
         <input_file_ref idref="fl-12"/>
      </object_component>
      <object_component id="oc-1bc">
         <name>.debug_info</name>
         <load_address>0x6ce1</load_address>
         <run_address>0x6ce1</run_address>
         <size>0x157</size>
         <input_file_ref idref="fl-12"/>
      </object_component>
      <object_component id="oc-197">
         <name>.debug_info</name>
         <load_address>0x6e38</load_address>
         <run_address>0x6e38</run_address>
         <size>0x1f6</size>
         <input_file_ref idref="fl-12"/>
      </object_component>
      <object_component id="oc-166">
         <name>.debug_info</name>
         <load_address>0x702e</load_address>
         <run_address>0x702e</run_address>
         <size>0x11d</size>
         <input_file_ref idref="fl-13"/>
      </object_component>
      <object_component id="oc-100">
         <name>.debug_info</name>
         <load_address>0x714b</load_address>
         <run_address>0x714b</run_address>
         <size>0x135</size>
         <input_file_ref idref="fl-13"/>
      </object_component>
      <object_component id="oc-18a">
         <name>.debug_info</name>
         <load_address>0x7280</load_address>
         <run_address>0x7280</run_address>
         <size>0x16b</size>
         <input_file_ref idref="fl-14"/>
      </object_component>
      <object_component id="oc-261">
         <name>.debug_info</name>
         <load_address>0x73eb</load_address>
         <run_address>0x73eb</run_address>
         <size>0x1ae</size>
         <input_file_ref idref="fl-14"/>
      </object_component>
      <object_component id="oc-1c8">
         <name>.debug_info</name>
         <load_address>0x7599</load_address>
         <run_address>0x7599</run_address>
         <size>0x108</size>
         <input_file_ref idref="fl-15"/>
      </object_component>
      <object_component id="oc-1d4">
         <name>.debug_info</name>
         <load_address>0x76a1</load_address>
         <run_address>0x76a1</run_address>
         <size>0x257</size>
         <input_file_ref idref="fl-15"/>
      </object_component>
      <object_component id="oc-ec">
         <name>.debug_info</name>
         <load_address>0x78f8</load_address>
         <run_address>0x78f8</run_address>
         <size>0x1a7</size>
         <input_file_ref idref="fl-50"/>
      </object_component>
      <object_component id="oc-77">
         <name>.debug_info</name>
         <load_address>0x7a9f</load_address>
         <run_address>0x7a9f</run_address>
         <size>0x1a9</size>
         <input_file_ref idref="fl-50"/>
      </object_component>
      <object_component id="oc-e7">
         <name>.debug_info</name>
         <load_address>0x7c48</load_address>
         <run_address>0x7c48</run_address>
         <size>0x46</size>
         <input_file_ref idref="fl-50"/>
      </object_component>
      <object_component id="oc-15c">
         <name>.debug_info</name>
         <load_address>0x7c8e</load_address>
         <run_address>0x7c8e</run_address>
         <size>0x2c</size>
         <input_file_ref idref="fl-50"/>
      </object_component>
      <object_component id="oc-f4">
         <name>.debug_info</name>
         <load_address>0x7cba</load_address>
         <run_address>0x7cba</run_address>
         <size>0x164</size>
         <input_file_ref idref="fl-51"/>
      </object_component>
      <object_component id="oc-ee">
         <name>.debug_info</name>
         <load_address>0x7e1e</load_address>
         <run_address>0x7e1e</run_address>
         <size>0x21b</size>
         <input_file_ref idref="fl-51"/>
      </object_component>
      <object_component id="oc-7b">
         <name>.debug_info</name>
         <load_address>0x8039</load_address>
         <run_address>0x8039</run_address>
         <size>0x192</size>
         <input_file_ref idref="fl-51"/>
      </object_component>
      <object_component id="oc-f5">
         <name>.debug_info</name>
         <load_address>0x81cb</load_address>
         <run_address>0x81cb</run_address>
         <size>0x39</size>
         <input_file_ref idref="fl-51"/>
      </object_component>
      <object_component id="oc-fb">
         <name>.debug_info</name>
         <load_address>0x8204</load_address>
         <run_address>0x8204</run_address>
         <size>0xec</size>
         <input_file_ref idref="fl-53"/>
      </object_component>
      <object_component id="oc-117">
         <name>.debug_info</name>
         <load_address>0x82f0</load_address>
         <run_address>0x82f0</run_address>
         <size>0x155</size>
         <input_file_ref idref="fl-6a"/>
      </object_component>
      <object_component id="oc-9e">
         <name>.debug_info</name>
         <load_address>0x8445</load_address>
         <run_address>0x8445</run_address>
         <size>0x19b</size>
         <input_file_ref idref="fl-6a"/>
      </object_component>
      <object_component id="oc-112">
         <name>.debug_info</name>
         <load_address>0x85e0</load_address>
         <run_address>0x85e0</run_address>
         <size>0x46</size>
         <input_file_ref idref="fl-6a"/>
      </object_component>
      <object_component id="oc-2b5">
         <name>.debug_info</name>
         <load_address>0x8626</load_address>
         <run_address>0x8626</run_address>
         <size>0x112</size>
         <input_file_ref idref="fl-6b"/>
      </object_component>
      <object_component id="oc-2a1">
         <name>.debug_info</name>
         <load_address>0x8738</load_address>
         <run_address>0x8738</run_address>
         <size>0xfe</size>
         <input_file_ref idref="fl-6c"/>
      </object_component>
      <object_component id="oc-319">
         <name>.debug_info</name>
         <load_address>0x8836</load_address>
         <run_address>0x8836</run_address>
         <size>0x10d</size>
         <input_file_ref idref="fl-6e"/>
      </object_component>
      <object_component id="oc-2fb">
         <name>.debug_info</name>
         <load_address>0x8943</load_address>
         <run_address>0x8943</run_address>
         <size>0x10d</size>
         <input_file_ref idref="fl-70"/>
      </object_component>
      <object_component id="oc-301">
         <name>.debug_info</name>
         <load_address>0x8a50</load_address>
         <run_address>0x8a50</run_address>
         <size>0x103</size>
         <input_file_ref idref="fl-74"/>
      </object_component>
      <object_component id="oc-dd">
         <name>.debug_info</name>
         <load_address>0x8b53</load_address>
         <run_address>0x8b53</run_address>
         <size>0xd6</size>
         <input_file_ref idref="fl-75"/>
      </object_component>
      <object_component id="oc-1a3">
         <name>.debug_info</name>
         <load_address>0x8c29</load_address>
         <run_address>0x8c29</run_address>
         <size>0x304</size>
         <input_file_ref idref="fl-77"/>
      </object_component>
      <object_component id="oc-122">
         <name>.debug_info</name>
         <load_address>0x8f2d</load_address>
         <run_address>0x8f2d</run_address>
         <size>0x1d8</size>
         <input_file_ref idref="fl-77"/>
      </object_component>
      <object_component id="oc-231">
         <name>.debug_info</name>
         <load_address>0x9105</load_address>
         <run_address>0x9105</run_address>
         <size>0x39</size>
         <input_file_ref idref="fl-77"/>
      </object_component>
      <object_component id="oc-1a4">
         <name>.debug_info</name>
         <load_address>0x913e</load_address>
         <run_address>0x913e</run_address>
         <size>0x2c</size>
         <input_file_ref idref="fl-77"/>
      </object_component>
      <object_component id="oc-c1">
         <name>.debug_info</name>
         <load_address>0x916a</load_address>
         <run_address>0x916a</run_address>
         <size>0x190</size>
         <input_file_ref idref="fl-78"/>
      </object_component>
      <object_component id="oc-132">
         <name>.debug_info</name>
         <load_address>0x92fa</load_address>
         <run_address>0x92fa</run_address>
         <size>0x100</size>
         <input_file_ref idref="fl-79"/>
      </object_component>
      <object_component id="oc-119">
         <name>.debug_info</name>
         <load_address>0x93fa</load_address>
         <run_address>0x93fa</run_address>
         <size>0x129</size>
         <input_file_ref idref="fl-7a"/>
      </object_component>
      <object_component id="oc-141">
         <name>.debug_info</name>
         <load_address>0x9523</load_address>
         <run_address>0x9523</run_address>
         <size>0xf8</size>
         <input_file_ref idref="fl-7b"/>
      </object_component>
      <object_component id="oc-154">
         <name>.debug_info</name>
         <load_address>0x961b</load_address>
         <run_address>0x961b</run_address>
         <size>0x15d</size>
         <input_file_ref idref="fl-7e"/>
      </object_component>
      <object_component id="oc-e1">
         <name>.debug_info</name>
         <load_address>0x9778</load_address>
         <run_address>0x9778</run_address>
         <size>0x172</size>
         <input_file_ref idref="fl-7e"/>
      </object_component>
      <object_component id="oc-155">
         <name>.debug_info</name>
         <load_address>0x98ea</load_address>
         <run_address>0x98ea</run_address>
         <size>0x2c</size>
         <input_file_ref idref="fl-7e"/>
      </object_component>
      <object_component id="oc-228">
         <name>.debug_info</name>
         <load_address>0x9916</load_address>
         <run_address>0x9916</run_address>
         <size>0x14d</size>
         <input_file_ref idref="fl-7f"/>
      </object_component>
      <object_component id="oc-184">
         <name>.debug_info</name>
         <load_address>0x9a63</load_address>
         <run_address>0x9a63</run_address>
         <size>0x227</size>
         <input_file_ref idref="fl-7f"/>
      </object_component>
      <object_component id="oc-394">
         <name>.debug_info</name>
         <load_address>0x9c8a</load_address>
         <run_address>0x9c8a</run_address>
         <size>0xa9</size>
      </object_component>
      <object_component id="oc-1c5">
         <name>.debug_line</name>
         <load_address>0x0</load_address>
         <run_address>0x0</run_address>
         <size>0x50</size>
         <input_file_ref idref="fl-2"/>
      </object_component>
      <object_component id="oc-151">
         <name>.debug_line</name>
         <load_address>0x50</load_address>
         <run_address>0x50</run_address>
         <size>0x20</size>
         <input_file_ref idref="fl-2"/>
      </object_component>
      <object_component id="oc-1fa">
         <name>.debug_line</name>
         <load_address>0x70</load_address>
         <run_address>0x70</run_address>
         <size>0x157</size>
         <input_file_ref idref="fl-3"/>
      </object_component>
      <object_component id="oc-28d">
         <name>.debug_line</name>
         <load_address>0x1c7</load_address>
         <run_address>0x1c7</run_address>
         <size>0x2d</size>
         <input_file_ref idref="fl-3"/>
      </object_component>
      <object_component id="oc-13c">
         <name>.debug_line</name>
         <load_address>0x1f4</load_address>
         <run_address>0x1f4</run_address>
         <size>0x71</size>
         <input_file_ref idref="fl-3"/>
      </object_component>
      <object_component id="oc-181">
         <name>.debug_line</name>
         <load_address>0x265</load_address>
         <run_address>0x265</run_address>
         <size>0x63</size>
         <input_file_ref idref="fl-3"/>
      </object_component>
      <object_component id="oc-1f3">
         <name>.debug_line</name>
         <load_address>0x2c8</load_address>
         <run_address>0x2c8</run_address>
         <size>0x42</size>
         <input_file_ref idref="fl-3"/>
      </object_component>
      <object_component id="oc-225">
         <name>.debug_line</name>
         <load_address>0x30a</load_address>
         <run_address>0x30a</run_address>
         <size>0x4e</size>
         <input_file_ref idref="fl-3"/>
      </object_component>
      <object_component id="oc-1fe">
         <name>.debug_line</name>
         <load_address>0x358</load_address>
         <run_address>0x358</run_address>
         <size>0x38</size>
         <input_file_ref idref="fl-3"/>
      </object_component>
      <object_component id="oc-17b">
         <name>.debug_line</name>
         <load_address>0x390</load_address>
         <run_address>0x390</run_address>
         <size>0x50</size>
         <input_file_ref idref="fl-3"/>
      </object_component>
      <object_component id="oc-203">
         <name>.debug_line</name>
         <load_address>0x3e0</load_address>
         <run_address>0x3e0</run_address>
         <size>0x41</size>
         <input_file_ref idref="fl-3"/>
      </object_component>
      <object_component id="oc-22e">
         <name>.debug_line</name>
         <load_address>0x421</load_address>
         <run_address>0x421</run_address>
         <size>0xe1</size>
         <input_file_ref idref="fl-4"/>
      </object_component>
      <object_component id="oc-193">
         <name>.debug_line</name>
         <load_address>0x502</load_address>
         <run_address>0x502</run_address>
         <size>0x46</size>
         <input_file_ref idref="fl-4"/>
      </object_component>
      <object_component id="oc-10f">
         <name>.debug_line</name>
         <load_address>0x548</load_address>
         <run_address>0x548</run_address>
         <size>0x8b</size>
         <input_file_ref idref="fl-4"/>
      </object_component>
      <object_component id="oc-25e">
         <name>.debug_line</name>
         <load_address>0x5d3</load_address>
         <run_address>0x5d3</run_address>
         <size>0x50</size>
         <input_file_ref idref="fl-5"/>
      </object_component>
      <object_component id="oc-322">
         <name>.debug_line</name>
         <load_address>0x623</load_address>
         <run_address>0x623</run_address>
         <size>0x20</size>
         <input_file_ref idref="fl-9"/>
      </object_component>
      <object_component id="oc-31e">
         <name>.debug_line</name>
         <load_address>0x643</load_address>
         <run_address>0x643</run_address>
         <size>0x38</size>
         <input_file_ref idref="fl-9"/>
      </object_component>
      <object_component id="oc-29d">
         <name>.debug_line</name>
         <load_address>0x67b</load_address>
         <run_address>0x67b</run_address>
         <size>0x7b</size>
         <input_file_ref idref="fl-9"/>
      </object_component>
      <object_component id="oc-1ed">
         <name>.debug_line</name>
         <load_address>0x6f6</load_address>
         <run_address>0x6f6</run_address>
         <size>0x52</size>
         <input_file_ref idref="fl-9"/>
      </object_component>
      <object_component id="oc-2cd">
         <name>.debug_line</name>
         <load_address>0x748</load_address>
         <run_address>0x748</run_address>
         <size>0x114</size>
         <input_file_ref idref="fl-b"/>
      </object_component>
      <object_component id="oc-1d1">
         <name>.debug_line</name>
         <load_address>0x85c</load_address>
         <run_address>0x85c</run_address>
         <size>0x52</size>
         <input_file_ref idref="fl-b"/>
      </object_component>
      <object_component id="oc-1dd">
         <name>.debug_line</name>
         <load_address>0x8ae</load_address>
         <run_address>0x8ae</run_address>
         <size>0x8d</size>
         <input_file_ref idref="fl-b"/>
      </object_component>
      <object_component id="oc-221">
         <name>.debug_line</name>
         <load_address>0x93b</load_address>
         <run_address>0x93b</run_address>
         <size>0xe9</size>
         <input_file_ref idref="fl-c"/>
      </object_component>
      <object_component id="oc-109">
         <name>.debug_line</name>
         <load_address>0xa24</load_address>
         <run_address>0xa24</run_address>
         <size>0x56</size>
         <input_file_ref idref="fl-c"/>
      </object_component>
      <object_component id="oc-2c9">
         <name>.debug_line</name>
         <load_address>0xa7a</load_address>
         <run_address>0xa7a</run_address>
         <size>0x6b</size>
         <input_file_ref idref="fl-c"/>
      </object_component>
      <object_component id="oc-256">
         <name>.debug_line</name>
         <load_address>0xae5</load_address>
         <run_address>0xae5</run_address>
         <size>0x56</size>
         <input_file_ref idref="fl-c"/>
      </object_component>
      <object_component id="oc-289">
         <name>.debug_line</name>
         <load_address>0xb3b</load_address>
         <run_address>0xb3b</run_address>
         <size>0x55</size>
         <input_file_ref idref="fl-c"/>
      </object_component>
      <object_component id="oc-30d">
         <name>.debug_line</name>
         <load_address>0xb90</load_address>
         <run_address>0xb90</run_address>
         <size>0x20</size>
         <input_file_ref idref="fl-d"/>
      </object_component>
      <object_component id="oc-277">
         <name>.debug_line</name>
         <load_address>0xbb0</load_address>
         <run_address>0xbb0</run_address>
         <size>0x57</size>
         <input_file_ref idref="fl-d"/>
      </object_component>
      <object_component id="oc-2f3">
         <name>.debug_line</name>
         <load_address>0xc07</load_address>
         <run_address>0xc07</run_address>
         <size>0xbf</size>
         <input_file_ref idref="fl-e"/>
      </object_component>
      <object_component id="oc-20f">
         <name>.debug_line</name>
         <load_address>0xcc6</load_address>
         <run_address>0xcc6</run_address>
         <size>0x64</size>
         <input_file_ref idref="fl-e"/>
      </object_component>
      <object_component id="oc-216">
         <name>.debug_line</name>
         <load_address>0xd2a</load_address>
         <run_address>0xd2a</run_address>
         <size>0xa5</size>
         <input_file_ref idref="fl-e"/>
      </object_component>
      <object_component id="oc-292">
         <name>.debug_line</name>
         <load_address>0xdcf</load_address>
         <run_address>0xdcf</run_address>
         <size>0xa5</size>
         <input_file_ref idref="fl-e"/>
      </object_component>
      <object_component id="oc-1e7">
         <name>.debug_line</name>
         <load_address>0xe74</load_address>
         <run_address>0xe74</run_address>
         <size>0x73</size>
         <input_file_ref idref="fl-e"/>
      </object_component>
      <object_component id="oc-324">
         <name>.debug_line</name>
         <load_address>0xee7</load_address>
         <run_address>0xee7</run_address>
         <size>0x56</size>
         <input_file_ref idref="fl-f"/>
      </object_component>
      <object_component id="oc-26b">
         <name>.debug_line</name>
         <load_address>0xf3d</load_address>
         <run_address>0xf3d</run_address>
         <size>0x5d</size>
         <input_file_ref idref="fl-f"/>
      </object_component>
      <object_component id="oc-283">
         <name>.debug_line</name>
         <load_address>0xf9a</load_address>
         <run_address>0xf9a</run_address>
         <size>0x5b</size>
         <input_file_ref idref="fl-f"/>
      </object_component>
      <object_component id="oc-2d5">
         <name>.debug_line</name>
         <load_address>0xff5</load_address>
         <run_address>0xff5</run_address>
         <size>0x60</size>
         <input_file_ref idref="fl-f"/>
      </object_component>
      <object_component id="oc-271">
         <name>.debug_line</name>
         <load_address>0x1055</load_address>
         <run_address>0x1055</run_address>
         <size>0x6d</size>
         <input_file_ref idref="fl-f"/>
      </object_component>
      <object_component id="oc-2b0">
         <name>.debug_line</name>
         <load_address>0x10c2</load_address>
         <run_address>0x10c2</run_address>
         <size>0x70</size>
         <input_file_ref idref="fl-f"/>
      </object_component>
      <object_component id="oc-2aa">
         <name>.debug_line</name>
         <load_address>0x1132</load_address>
         <run_address>0x1132</run_address>
         <size>0x63</size>
         <input_file_ref idref="fl-f"/>
      </object_component>
      <object_component id="oc-2bb">
         <name>.debug_line</name>
         <load_address>0x1195</load_address>
         <run_address>0x1195</run_address>
         <size>0x76</size>
         <input_file_ref idref="fl-10"/>
      </object_component>
      <object_component id="oc-313">
         <name>.debug_line</name>
         <load_address>0x120b</load_address>
         <run_address>0x120b</run_address>
         <size>0x75</size>
         <input_file_ref idref="fl-10"/>
      </object_component>
      <object_component id="oc-2e4">
         <name>.debug_line</name>
         <load_address>0x1280</load_address>
         <run_address>0x1280</run_address>
         <size>0x6a</size>
         <input_file_ref idref="fl-10"/>
      </object_component>
      <object_component id="oc-209">
         <name>.debug_line</name>
         <load_address>0x12ea</load_address>
         <run_address>0x12ea</run_address>
         <size>0x64</size>
         <input_file_ref idref="fl-10"/>
      </object_component>
      <object_component id="oc-2de">
         <name>.debug_line</name>
         <load_address>0x134e</load_address>
         <run_address>0x134e</run_address>
         <size>0x64</size>
         <input_file_ref idref="fl-10"/>
      </object_component>
      <object_component id="oc-21c">
         <name>.debug_line</name>
         <load_address>0x13b2</load_address>
         <run_address>0x13b2</run_address>
         <size>0x65</size>
         <input_file_ref idref="fl-10"/>
      </object_component>
      <object_component id="oc-27d">
         <name>.debug_line</name>
         <load_address>0x1417</load_address>
         <run_address>0x1417</run_address>
         <size>0x65</size>
         <input_file_ref idref="fl-10"/>
      </object_component>
      <object_component id="oc-175">
         <name>.debug_line</name>
         <load_address>0x147c</load_address>
         <run_address>0x147c</run_address>
         <size>0x94</size>
         <input_file_ref idref="fl-10"/>
      </object_component>
      <object_component id="oc-328">
         <name>.debug_line</name>
         <load_address>0x1510</load_address>
         <run_address>0x1510</run_address>
         <size>0x20</size>
         <input_file_ref idref="fl-11"/>
      </object_component>
      <object_component id="oc-2f1">
         <name>.debug_line</name>
         <load_address>0x1530</load_address>
         <run_address>0x1530</run_address>
         <size>0x41</size>
         <input_file_ref idref="fl-11"/>
      </object_component>
      <object_component id="oc-2ed">
         <name>.debug_line</name>
         <load_address>0x1571</load_address>
         <run_address>0x1571</run_address>
         <size>0x62</size>
         <input_file_ref idref="fl-11"/>
      </object_component>
      <object_component id="oc-2bf">
         <name>.debug_line</name>
         <load_address>0x15d3</load_address>
         <run_address>0x15d3</run_address>
         <size>0x20</size>
         <input_file_ref idref="fl-12"/>
      </object_component>
      <object_component id="oc-1bf">
         <name>.debug_line</name>
         <load_address>0x15f3</load_address>
         <run_address>0x15f3</run_address>
         <size>0x49</size>
         <input_file_ref idref="fl-12"/>
      </object_component>
      <object_component id="oc-19a">
         <name>.debug_line</name>
         <load_address>0x163c</load_address>
         <run_address>0x163c</run_address>
         <size>0x4d</size>
         <input_file_ref idref="fl-12"/>
      </object_component>
      <object_component id="oc-169">
         <name>.debug_line</name>
         <load_address>0x1689</load_address>
         <run_address>0x1689</run_address>
         <size>0x4d</size>
         <input_file_ref idref="fl-13"/>
      </object_component>
      <object_component id="oc-103">
         <name>.debug_line</name>
         <load_address>0x16d6</load_address>
         <run_address>0x16d6</run_address>
         <size>0x4b</size>
         <input_file_ref idref="fl-13"/>
      </object_component>
      <object_component id="oc-18d">
         <name>.debug_line</name>
         <load_address>0x1721</load_address>
         <run_address>0x1721</run_address>
         <size>0x65</size>
         <input_file_ref idref="fl-14"/>
      </object_component>
      <object_component id="oc-264">
         <name>.debug_line</name>
         <load_address>0x1786</load_address>
         <run_address>0x1786</run_address>
         <size>0x6e</size>
         <input_file_ref idref="fl-14"/>
      </object_component>
      <object_component id="oc-1cb">
         <name>.debug_line</name>
[...]
         <value>0x697</value>
      </symbol>
      <symbol id="sm-3b6">
         <name>UCB1I2COA2</name>
         <value>0x698</value>
      </symbol>
      <symbol id="sm-3b7">
         <name>UCB1I2COA2_L</name>
         <value>0x698</value>
      </symbol>
      <symbol id="sm-3b8">
         <name>UCB1I2COA2_H</name>
         <value>0x699</value>
      </symbol>
      <symbol id="sm-3b9">
         <name>UCB1I2COA3</name>
         <value>0x69a</value>
      </symbol>
      <symbol id="sm-3ba">
         <name>UCB1I2COA3_L</name>
         <value>0x69a</value>
      </symbol>
      <symbol id="sm-3bb">
         <name>UCB1I2COA3_H</name>
         <value>0x69b</value>
      </symbol>
      <symbol id="sm-3bc">
         <name>UCB1ADDRX</name>
         <value>0x69c</value>
      </symbol>
      <symbol id="sm-3bd">
         <name>UCB1ADDRX_L</name>
         <value>0x69c</value>
      </symbol>
      <symbol id="sm-3be">
         <name>UCB1ADDRX_H</name>
         <value>0x69d</value>
      </symbol>
      <symbol id="sm-3bf">
         <name>UCB1ADDMASK</name>
         <value>0x69e</value>
      </symbol>
      <symbol id="sm-3c0">
         <name>UCB1ADDMASK_L</name>
         <value>0x69e</value>
      </symbol>
      <symbol id="sm-3c1">
         <name>UCB1ADDMASK_H</name>
         <value>0x69f</value>
      </symbol>
      <symbol id="sm-3c2">
         <name>UCB1I2CSA</name>
         <value>0x6a0</value>
      </symbol>
      <symbol id="sm-3c3">
         <name>UCB1I2CSA_L</name>
         <value>0x6a0</value>
      </symbol>
      <symbol id="sm-3c4">
         <name>UCB1I2CSA_H</name>
         <value>0x6a1</value>
      </symbol>
      <symbol id="sm-3c5">
         <name>UCB1IE</name>
         <value>0x6aa</value>
      </symbol>
      <symbol id="sm-3c6">
         <name>UCB1IE_L</name>
         <value>0x6aa</value>
      </symbol>
      <symbol id="sm-3c7">
         <name>UCB1IE_H</name>
         <value>0x6ab</value>
      </symbol>
      <symbol id="sm-3c8">
         <name>UCB1IFG</name>
         <value>0x6ac</value>
      </symbol>
      <symbol id="sm-3c9">
         <name>UCB1IFG_L</name>
         <value>0x6ac</value>
      </symbol>
      <symbol id="sm-3ca">
         <name>UCB1IFG_H</name>
         <value>0x6ad</value>
      </symbol>
      <symbol id="sm-3cb">
         <name>UCB1IV</name>
         <value>0x6ae</value>
      </symbol>
      <symbol id="sm-3cc">
         <name>WDTCTL</name>
         <value>0x15c</value>
      </symbol>
      <symbol id="sm-3cd">
         <name>WDTCTL_L</name>
         <value>0x15c</value>
      </symbol>
      <symbol id="sm-3ce">
         <name>WDTCTL_H</name>
         <value>0x15d</value>
      </symbol>
      <symbol id="sm-3cf">
         <name>fram_rx_start</name>
         <value>0x4400</value>
      </symbol>
      <symbol id="sm-3d0">
         <name>fram_ipe_start</name>
         <value>0x4400</value>
      </symbol>
      <symbol id="sm-3d1">
         <name>fram_ipe_end</name>
         <value>0x4400</value>
      </symbol>
      <symbol id="sm-3d2">
         <name>__TI_CINIT_Base</name>
         <value>0x5568</value>
      </symbol>
      <symbol id="sm-3d3">
         <name>__TI_CINIT_Limit</name>
         <value>0x5578</value>
      </symbol>
      <symbol id="sm-3d4">
         <name>__TI_Handler_Table_Base</name>
         <value>0x5556</value>
      </symbol>
      <symbol id="sm-3d5">
         <name>__TI_Handler_Table_Limit</name>
         <value>0x5562</value>
      </symbol>
      <symbol id="sm-3d6">
         <name>binit</name>
         <value>0xffffffff</value>
      </symbol>
      <symbol id="sm-3d7">
         <name>__binit__</name>
         <value>0xffffffff</value>
      </symbol>
      <symbol id="sm-3d8">
         <name>__STACK_SIZE</name>
         <value>0xa0</value>
      </symbol>
      <symbol id="sm-3d9">
         <name>__STACK_END</name>
         <value>0x2400</value>
      </symbol>
      <symbol id="sm-3da">
         <name>__c_args__</name>
         <value>0xffffffff</value>
      </symbol>
      <symbol id="sm-444">
         <name>clocks_setup</name>
         <value>0x10e5a</value>
         <object_component_ref idref="oc-1c1"/>
      </symbol>
      <symbol id="sm-47b">
         <name>display</name>
         <value>0x1ff6</value>
      </symbol>
      <symbol id="sm-47c">
         <name>last_sample</name>
         <value>0x200a</value>
      </symbol>
      <symbol id="sm-47d">
         <name>last_sample_1</name>
         <value>0x200c</value>
      </symbol>
      <symbol id="sm-47e">
         <name>bpm</name>
         <value>0x2006</value>
      </symbol>
      <symbol id="sm-47f">
         <name>flag</name>
         <value>0x2008</value>
      </symbol>
      <symbol id="sm-480">
         <name>main</name>
         <value>0x1072c</value>
         <object_component_ref idref="oc-138"/>
      </symbol>
      <symbol id="sm-49c">
         <name>__TI_int37</name>
         <value>0xffda</value>
         <object_component_ref idref="oc-89"/>
      </symbol>
      <symbol id="sm-49d">
         <name>shitty_abs</name>
         <value>0x11238</value>
         <object_component_ref idref="oc-18f"/>
      </symbol>
      <symbol id="sm-49e">
         <name>Port_1</name>
         <value>0x4400</value>
         <object_component_ref idref="oc-10b"/>
      </symbol>
      <symbol id="sm-4aa">
         <name>delay_ms</name>
         <value>0x11086</value>
         <object_component_ref idref="oc-25a"/>
      </symbol>
      <symbol id="sm-4d4">
         <name>filter_sample</name>
         <value>0x11052</value>
         <object_component_ref idref="oc-1e9"/>
      </symbol>
      <symbol id="sm-4d5">
         <name>band_pass_coef</name>
         <value>0x5122</value>
         <object_component_ref idref="oc-2f4"/>
      </symbol>
      <symbol id="sm-4d6">
         <name>band_pass_filterino</name>
         <value>0x10316</value>
         <object_component_ref idref="oc-299"/>
      </symbol>
      <symbol id="sm-4ea">
         <name>display_init</name>
         <value>0x10000</value>
         <object_component_ref idref="oc-1d9"/>
      </symbol>
      <symbol id="sm-4eb">
         <name>display_setup</name>
         <value>0x10fe8</value>
         <object_component_ref idref="oc-1cd"/>
      </symbol>
      <symbol id="sm-518">
         <name>__TI_int36</name>
         <value>0xffd8</value>
         <object_component_ref idref="oc-88"/>
      </symbol>
      <symbol id="sm-519">
         <name>display_timer_setup</name>
         <value>0x1124e</value>
         <object_component_ref idref="oc-252"/>
      </symbol>
      <symbol id="sm-51a">
         <name>display_timer_start</name>
         <value>0x112bc</value>
         <object_component_ref idref="oc-285"/>
      </symbol>
      <symbol id="sm-51b">
         <name>Timer2_A0_ISR</name>
         <value>0x44d8</value>
         <object_component_ref idref="oc-105"/>
      </symbol>
      <symbol id="sm-527">
         <name>color_set_value</name>
         <value>0x1101e</value>
         <object_component_ref idref="oc-273"/>
      </symbol>
      <symbol id="sm-558">
         <name>display_functions_write_char</name>
         <value>0x10466</value>
         <object_component_ref idref="oc-28e"/>
      </symbol>
      <symbol id="sm-559">
         <name>display_functions_write_pixel</name>
         <value>0x10f32</value>
         <object_component_ref idref="oc-20b"/>
      </symbol>
      <symbol id="sm-55a">
         <name>display_functions_write_string</name>
         <value>0x109f2</value>
         <object_component_ref idref="oc-1e3"/>
      </symbol>
      <symbol id="sm-55b">
         <name>display_functions_write_line</name>
         <value>0x10648</value>
         <object_component_ref idref="oc-212"/>
      </symbol>
      <symbol id="sm-58b">
         <name>display_hal_screen_on</name>
         <value>0x112ca</value>
         <object_component_ref idref="oc-27f"/>
      </symbol>
      <symbol id="sm-58c">
         <name>display_hal_output</name>
         <value>0x11288</value>
         <object_component_ref idref="oc-267"/>
      </symbol>
      <symbol id="sm-58d">
         <name>display_hal_write_reg</name>
         <value>0x10b74</value>
         <object_component_ref idref="oc-26d"/>
      </symbol>
      <symbol id="sm-58e">
         <name>display_hal_write_GRAM</name>
         <value>0x1095c</value>
         <object_component_ref idref="oc-2ac"/>
      </symbol>
      <symbol id="sm-58f">
         <name>display_hal_set_GRAM_position</name>
         <value>0x10eaa</value>
         <object_component_ref idref="oc-2a6"/>
      </symbol>
      <symbol id="sm-5d3">
         <name>display_interface_init</name>
         <value>0x10e06</value>
         <object_component_ref idref="oc-279"/>
      </symbol>
      <symbol id="sm-5d4">
         <name>display_interface_write_signal</name>
         <value>0x10558</value>
         <object_component_ref idref="oc-171"/>
      </symbol>
      <symbol id="sm-5e7">
         <name>font_get_char</name>
         <value>0x10bea</value>
         <object_component_ref idref="oc-2e9"/>
      </symbol>
      <symbol id="sm-5e8">
         <name>font</name>
         <value>0x453c</value>
         <object_component_ref idref="oc-294"/>
      </symbol>
      <symbol id="sm-5fb">
         <name>ecg_data_write</name>
         <value>0x10ef2</value>
         <object_component_ref idref="oc-196"/>
      </symbol>
      <symbol id="sm-5fc">
         <name>ecg_data_clear</name>
         <value>0x1129a</value>
         <object_component_ref idref="oc-1bb"/>
      </symbol>
      <symbol id="sm-60e">
         <name>__TI_int33</name>
         <value>0xffd2</value>
         <object_component_ref idref="oc-85"/>
      </symbol>
      <symbol id="sm-60f">
         <name>Timer3_A0_ISR</name>
         <value>0x4520</value>
         <object_component_ref idref="oc-ff"/>
      </symbol>
      <symbol id="sm-62a">
         <name>afe_serial_write_register</name>
         <value>0x10cca</value>
         <object_component_ref idref="oc-260"/>
      </symbol>
      <symbol id="sm-62b">
         <name>afe_serial_send</name>
         <value>0x10fae</value>
         <object_component_ref idref="oc-189"/>
      </symbol>
      <symbol id="sm-63c">
         <name>afe_init</name>
         <value>0x108b8</value>
         <object_component_ref idref="oc-1d3"/>
      </symbol>
      <symbol id="sm-63d">
         <name>afe_setup</name>
         <value>0x10afa</value>
         <object_component_ref idref="oc-1c7"/>
      </symbol>
      <symbol id="sm-653">
         <name>__TI_decompress_none</name>
         <value>0x11276</value>
         <object_component_ref idref="oc-74"/>
      </symbol>
      <symbol id="sm-675">
         <name>__TI_decompress_rle24</name>
         <value>0x112d2</value>
         <object_component_ref idref="oc-7a"/>
      </symbol>
      <symbol id="sm-678">
         <name>__TI_int27</name>
         <value>0xffc6</value>
         <object_component_ref idref="oc-80"/>
      </symbol>
      <symbol id="sm-680">
         <name>__TI_ISR_TRAP</name>
         <value>0x4536</value>
         <object_component_ref idref="oc-fa"/>
      </symbol>
      <symbol id="sm-683">
         <name>__TI_int28</name>
         <value>0xffc8</value>
         <object_component_ref idref="oc-81"/>
      </symbol>
      <symbol id="sm-686">
         <name>__TI_int30</name>
         <value>0xffcc</value>
         <object_component_ref idref="oc-82"/>
      </symbol>
      <symbol id="sm-689">
         <name>__TI_int31</name>
         <value>0xffce</value>
         <object_component_ref idref="oc-83"/>
      </symbol>
      <symbol id="sm-68c">
         <name>__TI_int32</name>
         <value>0xffd0</value>
         <object_component_ref idref="oc-84"/>
      </symbol>
      <symbol id="sm-68f">
         <name>__TI_int34</name>
         <value>0xffd4</value>
         <object_component_ref idref="oc-86"/>
      </symbol>
      <symbol id="sm-692">
         <name>__TI_int35</name>
         <value>0xffd6</value>
         <object_component_ref idref="oc-87"/>
      </symbol>
      <symbol id="sm-695">
         <name>__TI_int38</name>
         <value>0xffdc</value>
         <object_component_ref idref="oc-8a"/>
      </symbol>
      <symbol id="sm-698">
         <name>__TI_int39</name>
         <value>0xffde</value>
         <object_component_ref idref="oc-8b"/>
      </symbol>
      <symbol id="sm-69b">
         <name>__TI_int40</name>
         <value>0xffe0</value>
         <object_component_ref idref="oc-8c"/>
      </symbol>
      <symbol id="sm-69e">
         <name>__TI_int41</name>
         <value>0xffe2</value>
         <object_component_ref idref="oc-8d"/>
      </symbol>
      <symbol id="sm-6a1">
         <name>__TI_int42</name>
         <value>0xffe4</value>
         <object_component_ref idref="oc-8e"/>
      </symbol>
      <symbol id="sm-6a4">
         <name>__TI_int43</name>
         <value>0xffe6</value>
         <object_component_ref idref="oc-8f"/>
      </symbol>
      <symbol id="sm-6a7">
         <name>__TI_int44</name>
         <value>0xffe8</value>
         <object_component_ref idref="oc-90"/>
      </symbol>
      <symbol id="sm-6aa">
         <name>__TI_int45</name>
         <value>0xffea</value>
         <object_component_ref idref="oc-91"/>
      </symbol>
      <symbol id="sm-6ad">
         <name>__TI_int46</name>
         <value>0xffec</value>
         <object_component_ref idref="oc-92"/>
      </symbol>
      <symbol id="sm-6b0">
         <name>__TI_int47</name>
         <value>0xffee</value>
         <object_component_ref idref="oc-93"/>
      </symbol>
      <symbol id="sm-6b3">
         <name>__TI_int49</name>
         <value>0xfff2</value>
         <object_component_ref idref="oc-94"/>
      </symbol>
      <symbol id="sm-6b6">
         <name>__TI_int50</name>
         <value>0xfff4</value>
         <object_component_ref idref="oc-95"/>
      </symbol>
      <symbol id="sm-6b9">
         <name>__TI_int51</name>
         <value>0xfff6</value>
         <object_component_ref idref="oc-96"/>
      </symbol>
      <symbol id="sm-6bc">
         <name>__TI_int52</name>
         <value>0xfff8</value>
         <object_component_ref idref="oc-97"/>
      </symbol>
      <symbol id="sm-6bf">
         <name>__TI_int53</name>
         <value>0xfffa</value>
         <object_component_ref idref="oc-98"/>
      </symbol>
      <symbol id="sm-6c2">
         <name>__TI_int54</name>
         <value>0xfffc</value>
         <object_component_ref idref="oc-99"/>
      </symbol>
      <symbol id="sm-6d5">
         <name>__TI_zero_init</name>
         <value>0x111b0</value>
         <object_component_ref idref="oc-9a"/>
      </symbol>
      <symbol id="sm-6e1">
         <name>__mspabi_remi</name>
         <value>0x110e6</value>
         <object_component_ref idref="oc-2b3"/>
      </symbol>
      <symbol id="sm-6e2">
         <name>__mspabi_divi</name>
         <value>0x110e6</value>
         <object_component_ref idref="oc-2b3"/>
      </symbol>
      <symbol id="sm-6ec">
         <name>__mspabi_remu</name>
         <value>0x1120c</value>
         <object_component_ref idref="oc-2a0"/>
      </symbol>
      <symbol id="sm-6ed">
         <name>__mspabi_divu</name>
         <value>0x1120c</value>
         <object_component_ref idref="oc-2a0"/>
      </symbol>
      <symbol id="sm-6fb">
         <name>__mspabi_mpyi_f5hw</name>
         <value>0x11222</value>
         <object_component_ref idref="oc-316"/>
      </symbol>
      <symbol id="sm-70e">
         <name>__mspabi_mpyl_f5hw</name>
         <value>0x111d4</value>
         <object_component_ref idref="oc-2f8"/>
      </symbol>
      <symbol id="sm-73a">
         <name>__mspabi_sral_15</name>
         <value>0x10f70</value>
         <object_component_ref idref="oc-2fe"/>
      </symbol>
      <symbol id="sm-73b">
         <name>__mspabi_sral_14</name>
         <value>0x10f74</value>
         <object_component_ref idref="oc-2fe"/>
      </symbol>
      <symbol id="sm-73c">
         <name>__mspabi_sral_13</name>
         <value>0x10f78</value>
         <object_component_ref idref="oc-2fe"/>
      </symbol>
      <symbol id="sm-73d">
         <name>__mspabi_sral_12</name>
         <value>0x10f7c</value>
         <object_component_ref idref="oc-2fe"/>
      </symbol>
      <symbol id="sm-73e">
         <name>__mspabi_sral_11</name>
         <value>0x10f80</value>
         <object_component_ref idref="oc-2fe"/>
      </symbol>
      <symbol id="sm-73f">
         <name>__mspabi_sral_10</name>
         <value>0x10f84</value>
         <object_component_ref idref="oc-2fe"/>
      </symbol>
      <symbol id="sm-740">
         <name>__mspabi_sral_8</name>
         <value>0x10f8c</value>
         <object_component_ref idref="oc-2fe"/>
      </symbol>
      <symbol id="sm-741">
         <name>__mspabi_sral_9</name>
         <value>0x10f88</value>
         <object_component_ref idref="oc-2fe"/>
      </symbol>
      <symbol id="sm-742">
         <name>__mspabi_sral_6</name>
         <value>0x10f94</value>
         <object_component_ref idref="oc-2fe"/>
      </symbol>
      <symbol id="sm-743">
         <name>__mspabi_sral_7</name>
         <value>0x10f90</value>
         <object_component_ref idref="oc-2fe"/>
      </symbol>
      <symbol id="sm-744">
         <name>__mspabi_sral_4</name>
         <value>0x10f9c</value>
         <object_component_ref idref="oc-2fe"/>
      </symbol>
      <symbol id="sm-745">
         <name>__mspabi_sral_5</name>
         <value>0x10f98</value>
         <object_component_ref idref="oc-2fe"/>
      </symbol>
      <symbol id="sm-746">
         <name>__mspabi_sral_2</name>
         <value>0x10fa4</value>
         <object_component_ref idref="oc-2fe"/>
      </symbol>
      <symbol id="sm-747">
         <name>__mspabi_sral_3</name>
         <value>0x10fa0</value>
         <object_component_ref idref="oc-2fe"/>
      </symbol>
      <symbol id="sm-748">
         <name>__mspabi_sral_1</name>
         <value>0x10fa8</value>
         <object_component_ref idref="oc-2fe"/>
      </symbol>
      <symbol id="sm-751">
         <name>_stack</name>
         <value>0x2360</value>
         <object_component_ref idref="oc-dc"/>
      </symbol>
      <symbol id="sm-752">
         <name>_reset_vector</name>
         <value>0xfffe</value>
         <object_component_ref idref="oc-df"/>
      </symbol>
      <symbol id="sm-770">
         <name>_auto_init_hold_wdt</name>
         <value>0x10c5e</value>
         <object_component_ref idref="oc-11e"/>
      </symbol>
      <symbol id="sm-77b">
         <name>_c_int00_noargs_noexit_mpu</name>
         <value>0x4502</value>
         <object_component_ref idref="oc-be"/>
      </symbol>
      <symbol id="sm-784">
         <name>__mpu_init</name>
         <value>0x11112</value>
         <object_component_ref idref="oc-131"/>
      </symbol>
      <symbol id="sm-78d">
         <name>_system_pre_init</name>
         <value>0x112d8</value>
         <object_component_ref idref="oc-118"/>
      </symbol>
      <symbol id="sm-798">
         <name>C$$EXIT</name>
         <value>0x112dc</value>
         <object_component_ref idref="oc-140"/>
      </symbol>
      <symbol id="sm-799">
         <name>abort</name>
         <value>0x112dc</value>
         <object_component_ref idref="oc-140"/>
      </symbol>
      <symbol id="sm-7ae">
         <name>memcpy</name>
         <value>0x11262</value>
         <object_component_ref idref="oc-e0"/>
      </symbol>
      <symbol id="sm-7bc">
         <name>memset</name>
         <value>0x111f6</value>
         <object_component_ref idref="oc-183"/>
      </symbol>
      <symbol id="sm-7c1">
         <name>__TI_INITARRAY_Base</name>
         <value>0x0</value>
      </symbol>
      <symbol id="sm-7c2">
         <name>__TI_INITARRAY_Limit</name>
         <value>0x0</value>
      </symbol>
   </symbol_table>
   <title>Link successful</title>
</link_info>
