<?xml version="1.0"?>
<link_info>
   <banner>MSP430 Linker PC v4.4.5</banner>
   <copyright>Copyright (c) 2003-2015 Texas Instruments Incorporated</copyright>
   <link_time>0x56b077d5</link_time>
   <link_errors>0x0</link_errors>
   <output_file>coderino.out</output_file>
   <entry_point>
      <name>_c_int00_noargs_noexit</name>
      <address>0x46de</address>
   </entry_point>
   <input_file_list>
      <input_file id="fl-2">
         <path>.\</path>
         <kind>object</kind>
         <file>clocks.obj</file>
         <name>clocks.obj</name>
      </input_file>
      <input_file id="fl-3">
         <path>.\</path>
         <kind>object</kind>
         <file>main.obj</file>
         <name>main.obj</name>
      </input_file>
      <input_file id="fl-4">
         <path>.\</path>
         <kind>object</kind>
         <file>serial.obj</file>
         <name>serial.obj</name>
      </input_file>
      <input_file id="fl-5">
         <path>.\</path>
         <kind>object</kind>
         <file>utils.obj</file>
         <name>utils.obj</name>
      </input_file>
      <input_file id="fl-6">
         <path>.\touch\touch_src\</path>
         <kind>object</kind>
         <file>touch_coordinate.obj</file>
         <name>touch_coordinate.obj</name>
      </input_file>
      <input_file id="fl-7">
         <path>.\touch\touch_src\</path>
         <kind>object</kind>
         <file>touch_serial.obj</file>
         <name>touch_serial.obj</name>
      </input_file>
      <input_file id="fl-8">
         <path>.\touch\</path>
         <kind>object</kind>
         <file>touch.obj</file>
         <name>touch.obj</name>
      </input_file>
      <input_file id="fl-9">
         <path>.\filters\</path>
         <kind>object</kind>
         <file>filters.obj</file>
         <name>filters.obj</name>
      </input_file>
      <input_file id="fl-a">
         <path>.\display\</path>
         <kind>object</kind>
         <file>display.obj</file>
         <name>display.obj</name>
      </input_file>
      <input_file id="fl-b">
         <path>.\display\</path>
         <kind>object</kind>
         <file>display_timer.obj</file>
         <name>display_timer.obj</name>
      </input_file>
      <input_file id="fl-c">
         <path>.\display\display_src\</path>
         <kind>object</kind>
         <file>color.obj</file>
         <name>color.obj</name>
      </input_file>
      <input_file id="fl-d">
         <path>.\display\display_src\</path>
         <kind>object</kind>
         <file>display_functions.obj</file>
         <name>display_functions.obj</name>
      </input_file>
      <input_file id="fl-e">
         <path>.\display\display_src\</path>
         <kind>object</kind>
         <file>display_hal.obj</file>
         <name>display_hal.obj</name>
      </input_file>
      <input_file id="fl-f">
         <path>.\display\display_src\</path>
         <kind>object</kind>
         <file>display_interface.obj</file>
         <name>display_interface.obj</name>
      </input_file>
      <input_file id="fl-10">
         <path>.\display\display_src\</path>
         <kind>object</kind>
         <file>font.obj</file>
         <name>font.obj</name>
      </input_file>
      <input_file id="fl-11">
         <path>.\data\</path>
         <kind>object</kind>
         <file>ecg_data.obj</file>
         <name>ecg_data.obj</name>
      </input_file>
      <input_file id="fl-12">
         <path>.\buzzer\</path>
         <kind>object</kind>
         <file>buzzer.obj</file>
         <name>buzzer.obj</name>
      </input_file>
      <input_file id="fl-13">
         <path>.\afe\afe_src\</path>
         <kind>object</kind>
         <file>afe_serial.obj</file>
         <name>afe_serial.obj</name>
      </input_file>
      <input_file id="fl-14">
         <path>.\afe\</path>
         <kind>object</kind>
         <file>afe.obj</file>
         <name>afe.obj</name>
      </input_file>
      <input_file id="fl-49">
         <path>C:\ti\ccsv6\tools\compiler\ti-cgt-msp430_4.4.5\lib\</path>
         <kind>archive</kind>
         <file>rts430x_lc_rd_eabi.lib</file>
         <name>copy_decompress_none.obj</name>
      </input_file>
      <input_file id="fl-4a">
         <path>C:\ti\ccsv6\tools\compiler\ti-cgt-msp430_4.4.5\lib\</path>
         <kind>archive</kind>
         <file>rts430x_lc_rd_eabi.lib</file>
         <name>copy_decompress_rle.obj</name>
      </input_file>
      <input_file id="fl-4b">
         <path>C:\ti\ccsv6\tools\compiler\ti-cgt-msp430_4.4.5\lib\</path>
         <kind>archive</kind>
         <file>rts430x_lc_rd_eabi.lib</file>
         <name>int27.obj</name>
      </input_file>
      <input_file id="fl-4c">
         <path>C:\ti\ccsv6\tools\compiler\ti-cgt-msp430_4.4.5\lib\</path>
         <kind>archive</kind>
         <file>rts430x_lc_rd_eabi.lib</file>
         <name>isr_trap.obj</name>
      </input_file>
      <input_file id="fl-4d">
         <path>C:\ti\ccsv6\tools\compiler\ti-cgt-msp430_4.4.5\lib\</path>
         <kind>archive</kind>
         <file>rts430x_lc_rd_eabi.lib</file>
         <name>int28.obj</name>
      </input_file>
      <input_file id="fl-4e">
         <path>C:\ti\ccsv6\tools\compiler\ti-cgt-msp430_4.4.5\lib\</path>
         <kind>archive</kind>
         <file>rts430x_lc_rd_eabi.lib</file>
         <name>int30.obj</name>
      </input_file>
      <input_file id="fl-4f">
         <path>C:\ti\ccsv6\tools\compiler\ti-cgt-msp430_4.4.5\lib\</path>
         <kind>archive</kind>
         <file>rts430x_lc_rd_eabi.lib</file>
         <name>int31.obj</name>
      </input_file>
      <input_file id="fl-50">
         <path>C:\ti\ccsv6\tools\compiler\ti-cgt-msp430_4.4.5\lib\</path>
         <kind>archive</kind>
         <file>rts430x_lc_rd_eabi.lib</file>
         <name>int32.obj</name>
      </input_file>
      <input_file id="fl-51">
         <path>C:\ti\ccsv6\tools\compiler\ti-cgt-msp430_4.4.5\lib\</path>
         <kind>archive</kind>
         <file>rts430x_lc_rd_eabi.lib</file>
         <name>int34.obj</name>
      </input_file>
      <input_file id="fl-52">
         <path>C:\ti\ccsv6\tools\compiler\ti-cgt-msp430_4.4.5\lib\</path>
         <kind>archive</kind>
         <file>rts430x_lc_rd_eabi.lib</file>
         <name>int35.obj</name>
      </input_file>
      <input_file id="fl-53">
         <path>C:\ti\ccsv6\tools\compiler\ti-cgt-msp430_4.4.5\lib\</path>
         <kind>archive</kind>
         <file>rts430x_lc_rd_eabi.lib</file>
         <name>int38.obj</name>
      </input_file>
      <input_file id="fl-54">
         <path>C:\ti\ccsv6\tools\compiler\ti-cgt-msp430_4.4.5\lib\</path>
         <kind>archive</kind>
         <file>rts430x_lc_rd_eabi.lib</file>
         <name>int39.obj</name>
      </input_file>
      <input_file id="fl-55">
         <path>C:\ti\ccsv6\tools\compiler\ti-cgt-msp430_4.4.5\lib\</path>
         <kind>archive</kind>
         <file>rts430x_lc_rd_eabi.lib</file>
         <name>int40.obj</name>
      </input_file>
      <input_file id="fl-56">
         <path>C:\ti\ccsv6\tools\compiler\ti-cgt-msp430_4.4.5\lib\</path>
         <kind>archive</kind>
         <file>rts430x_lc_rd_eabi.lib</file>
         <name>int41.obj</name>
      </input_file>
      <input_file id="fl-57">
         <path>C:\ti\ccsv6\tools\compiler\ti-cgt-msp430_4.4.5\lib\</path>
         <kind>archive</kind>
         <file>rts430x_lc_rd_eabi.lib</file>
         <name>int42.obj</name>
      </input_file>
      <input_file id="fl-58">
         <path>C:\ti\ccsv6\tools\compiler\ti-cgt-msp430_4.4.5\lib\</path>
         <kind>archive</kind>
         <file>rts430x_lc_rd_eabi.lib</file>
         <name>int43.obj</name>
      </input_file>
      <input_file id="fl-59">
         <path>C:\ti\ccsv6\tools\compiler\ti-cgt-msp430_4.4.5\lib\</path>
         <kind>archive</kind>
         <file>rts430x_lc_rd_eabi.lib</file>
         <name>int44.obj</name>
      </input_file>
      <input_file id="fl-5a">
         <path>C:\ti\ccsv6\tools\compiler\ti-cgt-msp430_4.4.5\lib\</path>
         <kind>archive</kind>
         <file>rts430x_lc_rd_eabi.lib</file>
         <name>int45.obj</name>
      </input_file>
      <input_file id="fl-5b">
         <path>C:\ti\ccsv6\tools\compiler\ti-cgt-msp430_4.4.5\lib\</path>
         <kind>archive</kind>
         <file>rts430x_lc_rd_eabi.lib</file>
         <name>int46.obj</name>
      </input_file>
      <input_file id="fl-5c">
         <path>C:\ti\ccsv6\tools\compiler\ti-cgt-msp430_4.4.5\lib\</path>
         <kind>archive</kind>
         <file>rts430x_lc_rd_eabi.lib</file>
         <name>int47.obj</name>
      </input_file>
      <input_file id="fl-5d">
         <path>C:\ti\ccsv6\tools\compiler\ti-cgt-msp430_4.4.5\lib\</path>
         <kind>archive</kind>
         <file>rts430x_lc_rd_eabi.lib</file>
         <name>int49.obj</name>
      </input_file>
      <input_file id="fl-5e">
         <path>C:\ti\ccsv6\tools\compiler\ti-cgt-msp430_4.4.5\lib\</path>
         <kind>archive</kind>
         <file>rts430x_lc_rd_eabi.lib</file>
         <name>int50.obj</name>
      </input_file>
      <input_file id="fl-5f">
         <path>C:\ti\ccsv6\tools\compiler\ti-cgt-msp430_4.4.5\lib\</path>
         <kind>archive</kind>
         <file>rts430x_lc_rd_eabi.lib</file>
         <name>int51.obj</name>
      </input_file>
      <input_file id="fl-60">
         <path>C:\ti\ccsv6\tools\compiler\ti-cgt-msp430_4.4.5\lib\</path>
         <kind>archive</kind>
         <file>rts430x_lc_rd_eabi.lib</file>
         <name>int52.obj</name>
      </input_file>
      <input_file id="fl-61">
         <path>C:\ti\ccsv6\tools\compiler\ti-cgt-msp430_4.4.5\lib\</path>
         <kind>archive</kind>
         <file>rts430x_lc_rd_eabi.lib</file>
         <name>int53.obj</name>
      </input_file>
      <input_file id="fl-62">
         <path>C:\ti\ccsv6\tools\compiler\ti-cgt-msp430_4.4.5\lib\</path>
         <kind>archive</kind>
         <file>rts430x_lc_rd_eabi.lib</file>
         <name>int54.obj</name>
      </input_file>
      <input_file id="fl-63">
         <path>C:\ti\ccsv6\tools\compiler\ti-cgt-msp430_4.4.5\lib\</path>
         <kind>archive</kind>
         <file>rts430x_lc_rd_eabi.lib</file>
         <name>copy_zero_init.obj</name>
      </input_file>
      <input_file id="fl-64">
         <path>C:\ti\ccsv6\tools\compiler\ti-cgt-msp430_4.4.5\lib\</path>
         <kind>archive</kind>
         <file>rts430x_lc_rd_eabi.lib</file>
         <name>div16s.obj</name>
      </input_file>
      <input_file id="fl-65">
         <path>C:\ti\ccsv6\tools\compiler\ti-cgt-msp430_4.4.5\lib\</path>
         <kind>archive</kind>
         <file>rts430x_lc_rd_eabi.lib</file>
         <name>div16u.obj</name>
      </input_file>
      <input_file id="fl-66">
         <path>C:\ti\ccsv6\tools\compiler\ti-cgt-msp430_4.4.5\lib\</path>
         <kind>archive</kind>
         <file>rts430x_lc_rd_eabi.lib</file>
         <name>mult16.obj</name>
      </input_file>
      <input_file id="fl-67">
         <path>C:\ti\ccsv6\tools\compiler\ti-cgt-msp430_4.4.5\lib\</path>
         <kind>archive</kind>
         <file>rts430x_lc_rd_eabi.lib</file>
         <name>mult16_f5hw.obj</name>
      </input_file>
      <input_file id="fl-68">
         <path>C:\ti\ccsv6\tools\compiler\ti-cgt-msp430_4.4.5\lib\</path>
         <kind>archive</kind>
         <file>rts430x_lc_rd_eabi.lib</file>
         <name>mult32.obj</name>
      </input_file>
      <input_file id="fl-69">
         <path>C:\ti\ccsv6\tools\compiler\ti-cgt-msp430_4.4.5\lib\</path>
         <kind>archive</kind>
         <file>rts430x_lc_rd_eabi.lib</file>
         <name>mult32_f5hw.obj</name>
      </input_file>
      <input_file id="fl-6a">
         <path>C:\ti\ccsv6\tools\compiler\ti-cgt-msp430_4.4.5\lib\</path>
         <kind>archive</kind>
         <file>rts430x_lc_rd_eabi.lib</file>
         <name>mult64_f5hw.obj</name>
      </input_file>
      <input_file id="fl-6b">
         <path>C:\ti\ccsv6\tools\compiler\ti-cgt-msp430_4.4.5\lib\</path>
         <kind>archive</kind>
         <file>rts430x_lc_rd_eabi.lib</file>
         <name>mult1632_f5hw.obj</name>
      </input_file>
      <input_file id="fl-6c">
         <path>C:\ti\ccsv6\tools\compiler\ti-cgt-msp430_4.4.5\lib\</path>
         <kind>archive</kind>
         <file>rts430x_lc_rd_eabi.lib</file>
         <name>mult3264_f5hw.obj</name>
      </input_file>
      <input_file id="fl-6d">
         <path>C:\ti\ccsv6\tools\compiler\ti-cgt-msp430_4.4.5\lib\</path>
         <kind>archive</kind>
         <file>rts430x_lc_rd_eabi.lib</file>
         <name>lsl32.obj</name>
      </input_file>
      <input_file id="fl-6e">
         <path>C:\ti\ccsv6\tools\compiler\ti-cgt-msp430_4.4.5\lib\</path>
         <kind>archive</kind>
         <file>rts430x_lc_rd_eabi.lib</file>
         <name>asr32.obj</name>
      </input_file>
      <input_file id="fl-6f">
         <path>C:\ti\ccsv6\tools\compiler\ti-cgt-msp430_4.4.5\lib\</path>
         <kind>archive</kind>
         <file>rts430x_lc_rd_eabi.lib</file>
         <name>boot.obj</name>
      </input_file>
      <input_file id="fl-70">
         <path>C:\ti\ccsv6\tools\compiler\ti-cgt-msp430_4.4.5\lib\</path>
         <kind>archive</kind>
         <file>rts430x_lc_rd_eabi.lib</file>
         <name>args_main.obj</name>
      </input_file>
      <input_file id="fl-71">
         <path>C:\ti\ccsv6\tools\compiler\ti-cgt-msp430_4.4.5\lib\</path>
         <kind>archive</kind>
         <file>rts430x_lc_rd_eabi.lib</file>
         <name>autoinit_wdt.obj</name>
      </input_file>
      <input_file id="fl-72">
         <path>C:\ti\ccsv6\tools\compiler\ti-cgt-msp430_4.4.5\lib\</path>
         <kind>archive</kind>
         <file>rts430x_lc_rd_eabi.lib</file>
         <name>boot_special.obj</name>
      </input_file>
      <input_file id="fl-73">
         <path>C:\ti\ccsv6\tools\compiler\ti-cgt-msp430_4.4.5\lib\</path>
         <kind>archive</kind>
         <file>rts430x_lc_rd_eabi.lib</file>
         <name>mpu_init.obj</name>
      </input_file>
      <input_file id="fl-74">
         <path>C:\ti\ccsv6\tools\compiler\ti-cgt-msp430_4.4.5\lib\</path>
         <kind>archive</kind>
         <file>rts430x_lc_rd_eabi.lib</file>
         <name>pre_init.obj</name>
      </input_file>
      <input_file id="fl-75">
         <path>C:\ti\ccsv6\tools\compiler\ti-cgt-msp430_4.4.5\lib\</path>
         <kind>archive</kind>
         <file>rts430x_lc_rd_eabi.lib</file>
         <name>exit.obj</name>
      </input_file>
      <input_file id="fl-76">
         <path>C:\ti\ccsv6\tools\compiler\ti-cgt-msp430_4.4.5\lib\</path>
         <kind>archive</kind>
         <file>rts430x_lc_rd_eabi.lib</file>
         <name>exit_gvars.obj</name>
      </input_file>
      <input_file id="fl-77">
         <path>C:\ti\ccsv6\tools\compiler\ti-cgt-msp430_4.4.5\lib\</path>
         <kind>archive</kind>
         <file>rts430x_lc_rd_eabi.lib</file>
         <name>_lock.obj</name>
      </input_file>
      <input_file id="fl-78">
         <path>C:\ti\ccsv6\tools\compiler\ti-cgt-msp430_4.4.5\lib\</path>
         <kind>archive</kind>
         <file>rts430x_lc_rd_eabi.lib</file>
         <name>memcpy.obj</name>
      </input_file>
      <input_file id="fl-79">
         <path>C:\ti\ccsv6\tools\compiler\ti-cgt-msp430_4.4.5\lib\</path>
         <kind>archive</kind>
         <file>rts430x_lc_rd_eabi.lib</file>
         <name>memset.obj</name>
      </input_file>
   </input_file_list>
   <object_component_list>
      <object_component id="oc-3f9">
         <name>.cinit..data.load</name>
         <load_address>0x53a8</load_address>
         <run_address>0x53a8</run_address>
         <size>0x12</size>
      </object_component>
      <object_component id="oc-3f6">
         <name>__TI_handler_table</name>
         <load_address>0x53ba</load_address>
         <run_address>0x53ba</run_address>
         <size>0xc</size>
      </object_component>
      <object_component id="oc-3f8">
         <name>.cinit..bss.load</name>
         <load_address>0x53c6</load_address>
         <run_address>0x53c6</run_address>
         <size>0x6</size>
      </object_component>
      <object_component id="oc-3f7">
         <name>__TI_cinit_table</name>
         <load_address>0x53cc</load_address>
         <run_address>0x53cc</run_address>
         <size>0x10</size>
      </object_component>
      <object_component id="oc-256">
         <name>.const</name>
         <load_address>0x46fe</load_address>
         <run_address>0x46fe</run_address>
         <size>0xbe5</size>
         <input_file_ref idref="fl-10"/>
      </object_component>
      <object_component id="oc-332">
         <name>.const:band_pass_coef</name>
         <load_address>0x52e4</load_address>
         <run_address>0x52e4</run_address>
         <size>0x78</size>
         <input_file_ref idref="fl-9"/>
      </object_component>
      <object_component id="oc-217">
         <name>.const:.string</name>
         <load_address>0x535c</load_address>
         <run_address>0x535c</run_address>
         <size>0x28</size>
         <input_file_ref idref="fl-3"/>
      </object_component>
      <object_component id="oc-343">
         <name>.const:diferentiator_coef</name>
         <load_address>0x5384</load_address>
         <run_address>0x5384</run_address>
         <size>0x14</size>
         <input_file_ref idref="fl-9"/>
      </object_component>
      <object_component id="oc-16a">
         <name>.const</name>
         <load_address>0x5398</load_address>
         <run_address>0x5398</run_address>
         <size>0x9</size>
         <input_file_ref idref="fl-b"/>
      </object_component>
      <object_component id="oc-17c">
         <name>.const:.string</name>
         <load_address>0x53a2</load_address>
         <run_address>0x53a2</run_address>
         <size>0x6</size>
         <input_file_ref idref="fl-b"/>
      </object_component>
      <object_component id="oc-10b">
         <name>.text:_isr:Port_1</name>
         <load_address>0x4400</load_address>
         <run_address>0x4400</run_address>
         <size>0x1f8</size>
         <input_file_ref idref="fl-4"/>
      </object_component>
      <object_component id="oc-105">
         <name>.text:_isr:Timer2_A0_ISR</name>
         <load_address>0x45f8</load_address>
         <run_address>0x45f8</run_address>
         <size>0xca</size>
         <input_file_ref idref="fl-b"/>
      </object_component>
      <object_component id="oc-ff">
         <name>.text:_isr:Timer3_A0_ISR</name>
         <load_address>0x46c2</load_address>
         <run_address>0x46c2</run_address>
         <size>0x1c</size>
         <input_file_ref idref="fl-12"/>
      </object_component>
      <object_component id="oc-b8">
         <name>.text:_isr:_c_int00_noargs_noexit</name>
         <load_address>0x46de</load_address>
         <run_address>0x46de</run_address>
         <size>0x1a</size>
         <input_file_ref idref="fl-72"/>
      </object_component>
      <object_component id="oc-fa">
         <name>.text:_isr:__TI_ISR_TRAP</name>
         <load_address>0x46f8</load_address>
         <run_address>0x46f8</run_address>
         <size>0x6</size>
         <input_file_ref idref="fl-4c"/>
      </object_component>
      <object_component id="oc-285">
         <name>.text:band_pass_filterino</name>
         <load_address>0x10000</load_address>
         <run_address>0x10000</run_address>
         <size>0x490</size>
         <input_file_ref idref="fl-9"/>
      </object_component>
      <object_component id="oc-20b">
         <name>.text:display_init</name>
         <load_address>0x10490</load_address>
         <run_address>0x10490</run_address>
         <size>0x30e</size>
         <input_file_ref idref="fl-a"/>
      </object_component>
      <object_component id="oc-28b">
         <name>.text:diferentiator_3000</name>
         <load_address>0x1079e</load_address>
         <run_address>0x1079e</run_address>
         <size>0xd2</size>
         <input_file_ref idref="fl-9"/>
      </object_component>
      <object_component id="oc-16d">
         <name>.text:display_interface_write_signal</name>
         <load_address>0x10870</load_address>
         <run_address>0x10870</run_address>
         <size>0xa8</size>
         <input_file_ref idref="fl-f"/>
      </object_component>
      <object_component id="oc-205">
         <name>.text:afe_init</name>
         <load_address>0x10918</load_address>
         <run_address>0x10918</run_address>
         <size>0xa2</size>
         <input_file_ref idref="fl-14"/>
      </object_component>
      <object_component id="oc-138">
         <name>.text:main</name>
         <load_address>0x109ba</load_address>
         <run_address>0x109ba</run_address>
         <size>0x98</size>
         <input_file_ref idref="fl-3"/>
      </object_component>
      <object_component id="oc-250">
         <name>.text:display_functions_write_char</name>
         <load_address>0x10a52</load_address>
         <run_address>0x10a52</run_address>
         <size>0x96</size>
         <input_file_ref idref="fl-d"/>
      </object_component>
      <object_component id="oc-27b">
         <name>.text:display_hal_write_GRAM</name>
         <load_address>0x10ae8</load_address>
         <run_address>0x10ae8</run_address>
         <size>0x8a</size>
         <input_file_ref idref="fl-e"/>
      </object_component>
      <object_component id="oc-367">
         <name>.text:display_interface_windows_setup</name>
         <load_address>0x10b72</load_address>
         <run_address>0x10b72</run_address>
         <size>0x84</size>
         <input_file_ref idref="fl-f"/>
      </object_component>
      <object_component id="oc-176">
         <name>.text:itoa</name>
         <load_address>0x10bf6</load_address>
         <run_address>0x10bf6</run_address>
         <size>0x84</size>
         <input_file_ref idref="fl-5"/>
      </object_component>
      <object_component id="oc-1ec">
         <name>.text:afe_setup</name>
         <load_address>0x10c7a</load_address>
         <run_address>0x10c7a</run_address>
         <size>0x7a</size>
         <input_file_ref idref="fl-14"/>
      </object_component>
      <object_component id="oc-23b">
         <name>.text:display_functions_write_line</name>
         <load_address>0x10cf4</load_address>
         <run_address>0x10cf4</run_address>
         <size>0x76</size>
         <input_file_ref idref="fl-d"/>
      </object_component>
      <object_component id="oc-11e">
         <name>.text:_auto_init_hold_wdt</name>
         <load_address>0x10d6a</load_address>
         <run_address>0x10d6a</run_address>
         <size>0x6c</size>
         <input_file_ref idref="fl-71"/>
      </object_component>
      <object_component id="oc-196">
         <name>.text:touch_request_position</name>
         <load_address>0x10dd6</load_address>
         <run_address>0x10dd6</run_address>
         <size>0x6c</size>
         <input_file_ref idref="fl-8"/>
      </object_component>
      <object_component id="oc-ed">
         <name>.text:__TI_decompress_rle_core</name>
         <load_address>0x10e42</load_address>
         <run_address>0x10e42</run_address>
         <size>0x68</size>
         <input_file_ref idref="fl-4a"/>
      </object_component>
      <object_component id="oc-17d">
         <name>.text:display_functions_write_string</name>
         <load_address>0x10eaa</load_address>
         <run_address>0x10eaa</run_address>
         <size>0x64</size>
         <input_file_ref idref="fl-d"/>
      </object_component>
      <object_component id="oc-2e2">
         <name>.text:display_hal_write_reg</name>
         <load_address>0x10f0e</load_address>
         <run_address>0x10f0e</run_address>
         <size>0x60</size>
         <input_file_ref idref="fl-e"/>
      </object_component>
      <object_component id="oc-1f8">
         <name>.text:touch_setup</name>
         <load_address>0x10f6e</load_address>
         <run_address>0x10f6e</run_address>
         <size>0x60</size>
         <input_file_ref idref="fl-8"/>
      </object_component>
      <object_component id="oc-2d5">
         <name>.text:afe_serial_write_register</name>
         <load_address>0x10fce</load_address>
         <run_address>0x10fce</run_address>
         <size>0x5c</size>
         <input_file_ref idref="fl-13"/>
      </object_component>
      <object_component id="oc-387">
         <name>.text:display_interface_draw_window</name>
         <load_address>0x1102a</load_address>
         <run_address>0x1102a</run_address>
         <size>0x52</size>
         <input_file_ref idref="fl-f"/>
      </object_component>
      <object_component id="oc-1e6">
         <name>.text:clocks_setup</name>
         <load_address>0x1107c</load_address>
         <run_address>0x1107c</run_address>
         <size>0x50</size>
         <input_file_ref idref="fl-2"/>
      </object_component>
      <object_component id="oc-350">
         <name>.text:display_set_sweep_time</name>
         <load_address>0x110cc</load_address>
         <run_address>0x110cc</run_address>
         <size>0x4c</size>
         <input_file_ref idref="fl-b"/>
      </object_component>
      <object_component id="oc-296">
         <name>.text:integrator_3000</name>
         <load_address>0x11118</load_address>
         <run_address>0x11118</run_address>
         <size>0x4c</size>
         <input_file_ref idref="fl-9"/>
      </object_component>
      <object_component id="oc-2ee">
         <name>.text:display_interface_init</name>
         <load_address>0x11164</load_address>
         <run_address>0x11164</run_address>
         <size>0x42</size>
         <input_file_ref idref="fl-f"/>
      </object_component>
      <object_component id="oc-31d">
         <name>.text:multiplication</name>
         <load_address>0x111a6</load_address>
         <run_address>0x111a6</run_address>
         <size>0x42</size>
         <input_file_ref idref="fl-5"/>
      </object_component>
      <object_component id="oc-1ba">
         <name>.text:l_asr_const</name>
         <load_address>0x111e8</load_address>
         <run_address>0x111e8</run_address>
         <size>0x3e</size>
         <input_file_ref idref="fl-6e"/>
      </object_component>
      <object_component id="oc-1b5">
         <name>.text:l_lsl_const</name>
         <load_address>0x11226</load_address>
         <run_address>0x11226</run_address>
         <size>0x3e</size>
         <input_file_ref idref="fl-6d"/>
      </object_component>
      <object_component id="oc-30f">
         <name>.text:font_get_char</name>
         <load_address>0x11264</load_address>
         <run_address>0x11264</run_address>
         <size>0x3c</size>
         <input_file_ref idref="fl-10"/>
      </object_component>
      <object_component id="oc-26d">
         <name>.text:touch_coordinate_set</name>
         <load_address>0x112a0</load_address>
         <run_address>0x112a0</run_address>
         <size>0x3a</size>
         <input_file_ref idref="fl-6"/>
      </object_component>
      <object_component id="oc-1a2">
         <name>.text:afe_serial_send</name>
         <load_address>0x112da</load_address>
         <run_address>0x112da</run_address>
         <size>0x32</size>
         <input_file_ref idref="fl-13"/>
      </object_component>
      <object_component id="oc-264">
         <name>.text:touch_serial_send</name>
         <load_address>0x1130c</load_address>
         <run_address>0x1130c</run_address>
         <size>0x32</size>
         <input_file_ref idref="fl-7"/>
      </object_component>
      <object_component id="oc-1ff">
         <name>.text:buzzer_setup</name>
         <load_address>0x1133e</load_address>
         <run_address>0x1133e</run_address>
         <size>0x30</size>
         <input_file_ref idref="fl-12"/>
      </object_component>
      <object_component id="oc-275">
         <name>.text:display_hal_set_GRAM_position</name>
         <load_address>0x1136e</load_address>
         <run_address>0x1136e</run_address>
         <size>0x30</size>
         <input_file_ref idref="fl-e"/>
      </object_component>
      <object_component id="oc-19c">
         <name>.text:display_functions_write_pixel</name>
         <load_address>0x1139e</load_address>
         <run_address>0x1139e</run_address>
         <size>0x2c</size>
         <input_file_ref idref="fl-d"/>
      </object_component>
      <object_component id="oc-1bf">
         <name>.text</name>
         <load_address>0x113ca</load_address>
         <run_address>0x113ca</run_address>
         <size>0x2c</size>
         <input_file_ref idref="fl-64"/>
      </object_component>
      <object_component id="oc-1f2">
         <name>.text:display_setup</name>
         <load_address>0x113f6</load_address>
         <run_address>0x113f6</run_address>
         <size>0x2a</size>
         <input_file_ref idref="fl-a"/>
      </object_component>
      <object_component id="oc-9a">
         <name>.text:decompress:ZI:__TI_zero_init</name>
         <load_address>0x11420</load_address>
         <run_address>0x11420</run_address>
         <size>0x24</size>
         <input_file_ref idref="fl-63"/>
      </object_component>
      <object_component id="oc-291">
         <name>.text</name>
         <load_address>0x11444</load_address>
         <run_address>0x11444</run_address>
         <size>0x22</size>
         <input_file_ref idref="fl-69"/>
      </object_component>
      <object_component id="oc-328">
         <name>.text:display_hal_write</name>
         <load_address>0x11466</load_address>
         <run_address>0x11466</run_address>
         <size>0x1a</size>
         <input_file_ref idref="fl-e"/>
      </object_component>
      <object_component id="oc-241">
         <name>.text:display_interface_inc_index</name>
         <load_address>0x11480</load_address>
         <run_address>0x11480</run_address>
         <size>0x1a</size>
         <input_file_ref idref="fl-f"/>
      </object_component>
      <object_component id="oc-361">
         <name>.text:display_interface_set_index</name>
         <load_address>0x1149a</load_address>
         <run_address>0x1149a</run_address>
         <size>0x1a</size>
         <input_file_ref idref="fl-f"/>
      </object_component>
      <object_component id="oc-2cf">
         <name>.text:delay_ms</name>
         <load_address>0x114b4</load_address>
         <run_address>0x114b4</run_address>
         <size>0x18</size>
         <input_file_ref idref="fl-5"/>
      </object_component>
      <object_component id="oc-1a8">
         <name>.text:ecg_data_write</name>
         <load_address>0x114cc</load_address>
         <run_address>0x114cc</run_address>
         <size>0x18</size>
         <input_file_ref idref="fl-11"/>
      </object_component>
      <object_component id="oc-1ae">
         <name>.text:filter_sample</name>
         <load_address>0x114e4</load_address>
         <run_address>0x114e4</run_address>
         <size>0x16</size>
         <input_file_ref idref="fl-9"/>
      </object_component>
      <object_component id="oc-18f">
         <name>.text:memset</name>
         <load_address>0x114fa</load_address>
         <run_address>0x114fa</run_address>
         <size>0x16</size>
         <input_file_ref idref="fl-79"/>
      </object_component>
      <object_component id="oc-249">
         <name>.text</name>
         <load_address>0x11510</load_address>
         <run_address>0x11510</run_address>
         <size>0x16</size>
         <input_file_ref idref="fl-65"/>
      </object_component>
      <object_component id="oc-370">
         <name>.text</name>
         <load_address>0x11526</load_address>
         <run_address>0x11526</run_address>
         <size>0x16</size>
         <input_file_ref idref="fl-67"/>
      </object_component>
      <object_component id="oc-2c4">
         <name>.text:display_timer_setup</name>
         <load_address>0x1153c</load_address>
         <run_address>0x1153c</run_address>
         <size>0x14</size>
         <input_file_ref idref="fl-b"/>
      </object_component>
      <object_component id="oc-e0">
         <name>.text:memcpy</name>
         <load_address>0x11550</load_address>
         <run_address>0x11550</run_address>
         <size>0x14</size>
         <input_file_ref idref="fl-78"/>
      </object_component>
      <object_component id="oc-74">
         <name>.text:decompress:none:__TI_decompress_none</name>
         <load_address>0x11564</load_address>
         <run_address>0x11564</run_address>
         <size>0x12</size>
         <input_file_ref idref="fl-49"/>
      </object_component>
      <object_component id="oc-2dc">
         <name>.text:display_hal_output</name>
         <load_address>0x11576</load_address>
         <run_address>0x11576</run_address>
         <size>0x12</size>
         <input_file_ref idref="fl-e"/>
      </object_component>
      <object_component id="oc-234">
         <name>.text:display_interface_get_index</name>
         <load_address>0x11588</load_address>
         <run_address>0x11588</run_address>
         <size>0x10</size>
         <input_file_ref idref="fl-f"/>
      </object_component>
      <object_component id="oc-2e8">
         <name>.text:color_set_value</name>
         <load_address>0x11598</load_address>
         <run_address>0x11598</run_address>
         <size>0xe</size>
         <input_file_ref idref="fl-c"/>
      </object_component>
      <object_component id="oc-2fa">
         <name>.text:display_timer_start</name>
         <load_address>0x115a6</load_address>
         <run_address>0x115a6</run_address>
         <size>0xe</size>
         <input_file_ref idref="fl-b"/>
      </object_component>
      <object_component id="oc-2f4">
         <name>.text:display_hal_screen_on</name>
         <load_address>0x115b4</load_address>
         <run_address>0x115b4</run_address>
         <size>0x8</size>
         <input_file_ref idref="fl-e"/>
      </object_component>
      <object_component id="oc-7a">
         <name>.text:decompress:rle24:__TI_decompress_rle24</name>
         <load_address>0x115bc</load_address>
         <run_address>0x115bc</run_address>
         <size>0x6</size>
         <input_file_ref idref="fl-4a"/>
      </object_component>
      <object_component id="oc-211">
         <name>.text:touch_initialize</name>
         <load_address>0x115c2</load_address>
         <run_address>0x115c2</run_address>
         <size>0x6</size>
         <input_file_ref idref="fl-8"/>
      </object_component>
      <object_component id="oc-118">
         <name>.text:_system_pre_init</name>
         <load_address>0x115c8</load_address>
         <run_address>0x115c8</run_address>
         <size>0x4</size>
         <input_file_ref idref="fl-74"/>
      </object_component>
      <object_component id="oc-140">
         <name>.text:abort</name>
         <load_address>0x115cc</load_address>
         <run_address>0x115cc</run_address>
         <size>0x4</size>
         <input_file_ref idref="fl-75"/>
      </object_component>
      <object_component id="oc-1fe">
         <name>.common:buzzer</name>
         <uninitialized>true</uninitialized>
         <run_address>0x1d0a</run_address>
         <size>0x0</size>
      </object_component>
      <object_component id="oc-166">
         <name>.common:display</name>
         <uninitialized>true</uninitialized>
         <run_address>0x1d0a</run_address>
         <size>0x10</size>
      </object_component>
      <object_component id="oc-195">
         <name>.common:touch</name>
         <uninitialized>true</uninitialized>
         <run_address>0x1d20</run_address>
         <size>0x4</size>
      </object_component>
      <object_component id="oc-169">
         <name>.common:last_sample</name>
         <uninitialized>true</uninitialized>
         <run_address>0x1d26</run_address>
         <size>0x2</size>
      </object_component>
      <object_component id="oc-174">
         <name>.common:bpm</name>
         <uninitialized>true</uninitialized>
         <run_address>0x1d24</run_address>
         <size>0x2</size>
      </object_component>
      <object_component id="oc-26b">
         <name>.common:touch_xPos_low$1</name>
         <uninitialized>true</uninitialized>
         <run_address>0x1d29</run_address>
         <size>0x1</size>
      </object_component>
      <object_component id="oc-26a">
         <name>.common:touch_xPos_high$2</name>
         <uninitialized>true</uninitialized>
         <run_address>0x1d28</run_address>
         <size>0x1</size>
      </object_component>
      <object_component id="oc-26c">
         <name>.common:touch_yPos_high$4</name>
         <uninitialized>true</uninitialized>
         <run_address>0x1d2a</run_address>
         <size>0x1</size>
      </object_component>
      <object_component id="oc-175">
         <name>.common:numberino$4</name>
         <uninitialized>true</uninitialized>
         <run_address>0x1d1a</run_address>
         <size>0x6</size>
      </object_component>
      <object_component id="oc-1b4">
         <name>.data</name>
         <load_address>0x1c80</load_address>
         <run_address>0x1c80</run_address>
         <size>0x16</size>
         <input_file_ref idref="fl-4"/>
      </object_component>
      <object_component id="oc-336">
         <name>.data:buffer_x_0$1</name>
         <load_address>0x1ca6</load_address>
         <run_address>0x1ca6</run_address>
         <size>0x8</size>
         <input_file_ref idref="fl-9"/>
      </object_component>
      <object_component id="oc-337">
         <name>.data:buffer_x_1$2</name>
         <load_address>0x1cae</load_address>
         <run_address>0x1cae</run_address>
         <size>0x8</size>
         <input_file_ref idref="fl-9"/>
      </object_component>
      <object_component id="oc-339">
         <name>.data:buffer_x_2$3</name>
         <load_address>0x1cb6</load_address>
         <run_address>0x1cb6</run_address>
         <size>0x8</size>
         <input_file_ref idref="fl-9"/>
      </object_component>
      <object_component id="oc-33b">
         <name>.data:buffer_x_3$4</name>
         <load_address>0x1cbe</load_address>
         <run_address>0x1cbe</run_address>
         <size>0x8</size>
         <input_file_ref idref="fl-9"/>
      </object_component>
      <object_component id="oc-33d">
         <name>.data:buffer_x_4$5</name>
         <load_address>0x1cc6</load_address>
         <run_address>0x1cc6</run_address>
         <size>0x8</size>
         <input_file_ref idref="fl-9"/>
      </object_component>
      <object_component id="oc-33f">
         <name>.data:buffer_x_5$6</name>
         <load_address>0x1cce</load_address>
         <run_address>0x1cce</run_address>
         <size>0x8</size>
         <input_file_ref idref="fl-9"/>
      </object_component>
      <object_component id="oc-335">
         <name>.data:buffer_y_0$7</name>
         <load_address>0x1cd6</load_address>
         <run_address>0x1cd6</run_address>
         <size>0x8</size>
         <input_file_ref idref="fl-9"/>
      </object_component>
      <object_component id="oc-338">
         <name>.data:buffer_y_1$8</name>
         <load_address>0x1cde</load_address>
         <run_address>0x1cde</run_address>
         <size>0x8</size>
         <input_file_ref idref="fl-9"/>
      </object_component>
      <object_component id="oc-33a">
         <name>.data:buffer_y_2$9</name>
         <load_address>0x1ce6</load_address>
         <run_address>0x1ce6</run_address>
         <size>0x8</size>
         <input_file_ref idref="fl-9"/>
      </object_component>
      <object_component id="oc-33c">
         <name>.data:buffer_y_3$10</name>
         <load_address>0x1cee</load_address>
         <run_address>0x1cee</run_address>
         <size>0x8</size>
         <input_file_ref idref="fl-9"/>
      </object_component>
      <object_component id="oc-33e">
         <name>.data:buffer_y_4$11</name>
         <load_address>0x1cf6</load_address>
         <run_address>0x1cf6</run_address>
         <size>0x8</size>
         <input_file_ref idref="fl-9"/>
      </object_component>
      <object_component id="oc-340">
         <name>.data:buffer_y_5$12</name>
         <load_address>0x1cfe</load_address>
         <run_address>0x1cfe</run_address>
         <size>0x8</size>
         <input_file_ref idref="fl-9"/>
      </object_component>
      <object_component id="oc-346">
         <name>.data:buffer_x$13</name>
         <load_address>0x1c96</load_address>
         <run_address>0x1c96</run_address>
         <size>0x10</size>
         <input_file_ref idref="fl-9"/>
      </object_component>
      <object_component id="oc-349">
         <name>.data:buffer_x$14</name>
         <load_address>0x1c00</load_address>
         <run_address>0x1c00</run_address>
         <size>0x80</size>
         <input_file_ref idref="fl-9"/>
      </object_component>
      <object_component id="oc-173">
         <name>.data</name>
         <load_address>0x1d08</load_address>
         <run_address>0x1d08</run_address>
         <size>0x1</size>
         <input_file_ref idref="fl-b"/>
      </object_component>
      <object_component id="oc-23a">
         <name>.data</name>
         <load_address>0x1d06</load_address>
         <run_address>0x1d06</run_address>
         <size>0x2</size>
         <input_file_ref idref="fl-f"/>
      </object_component>
      <object_component id="oc-dc">
         <name>.stack</name>
         <uninitialized>true</uninitialized>
         <run_address>0x2360</run_address>
         <size>0x4</size>
         <input_file_ref idref="fl-6f"/>
      </object_component>
      <object_component id="oc-3fa">
         <name>.stack</name>
         <uninitialized>true</uninitialized>
         <run_address>0x2360</run_address>
         <size>0x0</size>
      </object_component>
      <object_component id="oc-80">
         <name>.int27</name>
         <load_address>0xffc6</load_address>
         <run_address>0xffc6</run_address>
         <size>0x2</size>
         <input_file_ref idref="fl-4b"/>
      </object_component>
      <object_component id="oc-81">
         <name>.int28</name>
         <load_address>0xffc8</load_address>
         <run_address>0xffc8</run_address>
         <size>0x2</size>
         <input_file_ref idref="fl-4d"/>
      </object_component>
      <object_component id="oc-82">
         <name>.int30</name>
         <load_address>0xffcc</load_address>
         <run_address>0xffcc</run_address>
         <size>0x2</size>
         <input_file_ref idref="fl-4e"/>
      </object_component>
      <object_component id="oc-83">
         <name>.int31</name>
         <load_address>0xffce</load_address>
         <run_address>0xffce</run_address>
         <size>0x2</size>
         <input_file_ref idref="fl-4f"/>
      </object_component>
      <object_component id="oc-84">
         <name>.int32</name>
         <load_address>0xffd0</load_address>
         <run_address>0xffd0</run_address>
         <size>0x2</size>
         <input_file_ref idref="fl-50"/>
      </object_component>
      <object_component id="oc-85">
         <name>.int33</name>
         <load_address>0xffd2</load_address>
         <run_address>0xffd2</run_address>
         <size>0x2</size>
         <input_file_ref idref="fl-12"/>
      </object_component>
      <object_component id="oc-86">
         <name>.int34</name>
         <load_address>0xffd4</load_address>
         <run_address>0xffd4</run_address>
         <size>0x2</size>
         <input_file_ref idref="fl-51"/>
      </object_component>
      <object_component id="oc-87">
         <name>.int35</name>
         <load_address>0xffd6</load_address>
         <run_address>0xffd6</run_address>
         <size>0x2</size>
         <input_file_ref idref="fl-52"/>
      </object_component>
      <object_component id="oc-88">
         <name>.int36</name>
         <load_address>0xffd8</load_address>
         <run_address>0xffd8</run_address>
         <size>0x2</size>
         <input_file_ref idref="fl-b"/>
      </object_component>
      <object_component id="oc-89">
         <name>.int37</name>
         <load_address>0xffda</load_address>
         <run_address>0xffda</run_address>
         <size>0x2</size>
         <input_file_ref idref="fl-4"/>
      </object_component>
      <object_component id="oc-8a">
         <name>.int38</name>
         <load_address>0xffdc</load_address>
         <run_address>0xffdc</run_address>
         <size>0x2</size>
         <input_file_ref idref="fl-53"/>
      </object_component>
      <object_component id="oc-8b">
         <name>.int39</name>
         <load_address>0xffde</load_address>
         <run_address>0xffde</run_address>
         <size>0x2</size>
         <input_file_ref idref="fl-54"/>
      </object_component>
      <object_component id="oc-8c">
         <name>.int40</name>
         <load_address>0xffe0</load_address>
         <run_address>0xffe0</run_address>
         <size>0x2</size>
         <input_file_ref idref="fl-55"/>
      </object_component>
      <object_component id="oc-8d">
         <name>.int41</name>
         <load_address>0xffe2</load_address>
         <run_address>0xffe2</run_address>
         <size>0x2</size>
         <input_file_ref idref="fl-56"/>
      </object_component>
      <object_component id="oc-8e">
         <name>.int42</name>
         <load_address>0xffe4</load_address>
         <run_address>0xffe4</run_address>
         <size>0x2</size>
         <input_file_ref idref="fl-57"/>
      </object_component>
      <object_component id="oc-8f">
         <name>.int43</name>
         <load_address>0xffe6</load_address>
         <run_address>0xffe6</run_address>
         <size>0x2</size>
         <input_file_ref idref="fl-58"/>
      </object_component>
      <object_component id="oc-90">
         <name>.int44</name>
         <load_address>0xffe8</load_address>
         <run_address>0xffe8</run_address>
         <size>0x2</size>
         <input_file_ref idref="fl-59"/>
      </object_component>
      <object_component id="oc-91">
         <name>.int45</name>
         <load_address>0xffea</load_address>
         <run_address>0xffea</run_address>
         <size>0x2</size>
         <input_file_ref idref="fl-5a"/>
      </object_component>
      <object_component id="oc-92">
         <name>.int46</name>
         <load_address>0xffec</load_address>
         <run_address>0xffec</run_address>
         <size>0x2</size>
         <input_file_ref idref="fl-5b"/>
      </object_component>
      <object_component id="oc-93">
         <name>.int47</name>
         <load_address>0xffee</load_address>
         <run_address>0xffee</run_address>
         <size>0x2</size>
         <input_file_ref idref="fl-5c"/>
      </object_component>
      <object_component id="oc-94">
         <name>.int49</name>
         <load_address>0xfff2</load_address>
         <run_address>0xfff2</run_address>
         <size>0x2</size>
         <input_file_ref idref="fl-5d"/>
      </object_component>
      <object_component id="oc-95">
         <name>.int50</name>
         <load_address>0xfff4</load_address>
         <run_address>0xfff4</run_address>
         <size>0x2</size>
         <input_file_ref idref="fl-5e"/>
      </object_component>
      <object_component id="oc-96">
         <name>.int51</name>
         <load_address>0xfff6</load_address>
         <run_address>0xfff6</run_address>
         <size>0x2</size>
         <input_file_ref idref="fl-5f"/>
      </object_component>
      <object_component id="oc-97">
         <name>.int52</name>
         <load_address>0xfff8</load_address>
         <run_address>0xfff8</run_address>
         <size>0x2</size>
         <input_file_ref idref="fl-60"/>
      </object_component>
      <object_component id="oc-98">
         <name>.int53</name>
         <load_address>0xfffa</load_address>
         <run_address>0xfffa</run_address>
         <size>0x2</size>
         <input_file_ref idref="fl-61"/>
      </object_component>
      <object_component id="oc-99">
         <name>.int54</name>
         <load_address>0xfffc</load_address>
         <run_address>0xfffc</run_address>
         <size>0x2</size>
         <input_file_ref idref="fl-62"/>
      </object_component>
      <object_component id="oc-df">
         <name>.reset</name>
         <load_address>0xfffe</load_address>
         <run_address>0xfffe</run_address>
         <size>0x2</size>
         <input_file_ref idref="fl-6f"/>
      </object_component>
      <object_component id="oc-1e7">
         <name>.debug_info</name>
         <load_address>0x0</load_address>
         <run_address>0x0</run_address>
         <size>0x11e</size>
         <input_file_ref idref="fl-2"/>
      </object_component>
      <object_component id="oc-14e">
         <name>.debug_info</name>
         <load_address>0x11e</load_address>
         <run_address>0x11e</run_address>
         <size>0x84</size>
         <input_file_ref idref="fl-2"/>
      </object_component>
      <object_component id="oc-167">
         <name>.debug_info</name>
         <load_address>0x1a2</load_address>
         <run_address>0x1a2</run_address>
         <size>0x428</size>
         <input_file_ref idref="fl-3"/>
      </object_component>
      <object_component id="oc-139">
         <name>.debug_info</name>
         <load_address>0x5ca</load_address>
         <run_address>0x5ca</run_address>
         <size>0x20d</size>
         <input_file_ref idref="fl-3"/>
      </object_component>
      <object_component id="oc-18a">
         <name>.debug_info</name>
         <load_address>0x7d7</load_address>
         <run_address>0x7d7</run_address>
         <size>0x18b</size>
         <input_file_ref idref="fl-3"/>
      </object_component>
      <object_component id="oc-21e">
         <name>.debug_info</name>
         <load_address>0x962</load_address>
         <run_address>0x962</run_address>
         <size>0x35</size>
         <input_file_ref idref="fl-3"/>
      </object_component>
      <object_component id="oc-1c6">
         <name>.debug_info</name>
         <load_address>0x997</load_address>
         <run_address>0x997</run_address>
         <size>0x76</size>
         <input_file_ref idref="fl-3"/>
      </object_component>
      <object_component id="oc-25d">
         <name>.debug_info</name>
         <load_address>0xa0d</load_address>
         <run_address>0xa0d</run_address>
         <size>0xc6</size>
         <input_file_ref idref="fl-3"/>
      </object_component>
      <object_component id="oc-223">
         <name>.debug_info</name>
         <load_address>0xad3</load_address>
         <run_address>0xad3</run_address>
         <size>0x4e</size>
         <input_file_ref idref="fl-3"/>
      </object_component>
      <object_component id="oc-184">
         <name>.debug_info</name>
         <load_address>0xb21</load_address>
         <run_address>0xb21</run_address>
         <size>0x4e</size>
         <input_file_ref idref="fl-3"/>
      </object_component>
      <object_component id="oc-228">
         <name>.debug_info</name>
         <load_address>0xb6f</load_address>
         <run_address>0xb6f</run_address>
         <size>0xb3</size>
         <input_file_ref idref="fl-3"/>
      </object_component>
      <object_component id="oc-302">
         <name>.debug_info</name>
         <load_address>0xc22</load_address>
         <run_address>0xc22</run_address>
         <size>0x62</size>
         <input_file_ref idref="fl-3"/>
      </object_component>
      <object_component id="oc-22d">
         <name>.debug_info</name>
         <load_address>0xc84</load_address>
         <run_address>0xc84</run_address>
         <size>0x4e</size>
         <input_file_ref idref="fl-3"/>
      </object_component>
      <object_component id="oc-1c5">
         <name>.debug_info</name>
         <load_address>0xcd2</load_address>
         <run_address>0xcd2</run_address>
         <size>0x417</size>
         <input_file_ref idref="fl-4"/>
      </object_component>
      <object_component id="oc-10c">
         <name>.debug_info</name>
         <load_address>0x10e9</load_address>
         <run_address>0x10e9</run_address>
         <size>0x3e5</size>
         <input_file_ref idref="fl-4"/>
      </object_component>
      <object_component id="oc-24f">
         <name>.debug_info</name>
         <load_address>0x14ce</load_address>
         <run_address>0x14ce</run_address>
         <size>0x174</size>
         <input_file_ref idref="fl-5"/>
      </object_component>
      <object_component id="oc-177">
         <name>.debug_info</name>
         <load_address>0x1642</load_address>
         <run_address>0x1642</run_address>
         <size>0x228</size>
         <input_file_ref idref="fl-5"/>
      </object_component>
      <object_component id="oc-2d0">
         <name>.debug_info</name>
         <load_address>0x186a</load_address>
         <run_address>0x186a</run_address>
         <size>0x12b</size>
         <input_file_ref idref="fl-5"/>
      </object_component>
      <object_component id="oc-31e">
         <name>.debug_info</name>
         <load_address>0x1995</load_address>
         <run_address>0x1995</run_address>
         <size>0x1c5</size>
         <input_file_ref idref="fl-5"/>
      </object_component>
      <object_component id="oc-324">
         <name>.debug_info</name>
         <load_address>0x1b5a</load_address>
         <run_address>0x1b5a</run_address>
         <size>0x19e</size>
         <input_file_ref idref="fl-6"/>
      </object_component>
      <object_component id="oc-26e">
         <name>.debug_info</name>
         <load_address>0x1cf8</load_address>
         <run_address>0x1cf8</run_address>
         <size>0x2b2</size>
         <input_file_ref idref="fl-6"/>
      </object_component>
      <object_component id="oc-265">
         <name>.debug_info</name>
         <load_address>0x1faa</load_address>
         <run_address>0x1faa</run_address>
         <size>0x190</size>
         <input_file_ref idref="fl-7"/>
      </object_component>
      <object_component id="oc-274">
         <name>.debug_info</name>
         <load_address>0x213a</load_address>
         <run_address>0x213a</run_address>
         <size>0x2fc</size>
         <input_file_ref idref="fl-8"/>
      </object_component>
      <object_component id="oc-1f9">
         <name>.debug_info</name>
         <load_address>0x2436</load_address>
         <run_address>0x2436</run_address>
         <size>0x13e</size>
         <input_file_ref idref="fl-8"/>
      </object_component>
      <object_component id="oc-212">
         <name>.debug_info</name>
         <load_address>0x2574</load_address>
         <run_address>0x2574</run_address>
         <size>0x148</size>
         <input_file_ref idref="fl-8"/>
      </object_component>
      <object_component id="oc-197">
         <name>.debug_info</name>
         <load_address>0x26bc</load_address>
         <run_address>0x26bc</run_address>
         <size>0x2fc</size>
         <input_file_ref idref="fl-8"/>
      </object_component>
      <object_component id="oc-342">
         <name>.debug_info</name>
         <load_address>0x29b8</load_address>
         <run_address>0x29b8</run_address>
         <size>0x1d7</size>
         <input_file_ref idref="fl-9"/>
      </object_component>
      <object_component id="oc-333">
         <name>.debug_info</name>
         <load_address>0x2b8f</load_address>
         <run_address>0x2b8f</run_address>
         <size>0xfd</size>
         <input_file_ref idref="fl-9"/>
      </object_component>
      <object_component id="oc-344">
         <name>.debug_info</name>
         <load_address>0x2c8c</load_address>
         <run_address>0x2c8c</run_address>
         <size>0x105</size>
         <input_file_ref idref="fl-9"/>
      </object_component>
      <object_component id="oc-286">
         <name>.debug_info</name>
         <load_address>0x2d91</load_address>
         <run_address>0x2d91</run_address>
         <size>0x64a</size>
         <input_file_ref idref="fl-9"/>
      </object_component>
      <object_component id="oc-28c">
         <name>.debug_info</name>
         <load_address>0x33db</load_address>
         <run_address>0x33db</run_address>
         <size>0x237</size>
         <input_file_ref idref="fl-9"/>
      </object_component>
      <object_component id="oc-297">
         <name>.debug_info</name>
         <load_address>0x3612</load_address>
         <run_address>0x3612</run_address>
         <size>0x1ae</size>
         <input_file_ref idref="fl-9"/>
      </object_component>
      <object_component id="oc-1af">
         <name>.debug_info</name>
         <load_address>0x37c0</load_address>
         <run_address>0x37c0</run_address>
         <size>0x1de</size>
         <input_file_ref idref="fl-9"/>
      </object_component>
      <object_component id="oc-2cb">
         <name>.debug_info</name>
         <load_address>0x399e</load_address>
         <run_address>0x399e</run_address>
         <size>0x3e5</size>
         <input_file_ref idref="fl-a"/>
      </object_component>
      <object_component id="oc-1f3">
         <name>.debug_info</name>
         <load_address>0x3d83</load_address>
         <run_address>0x3d83</run_address>
         <size>0x16c</size>
         <input_file_ref idref="fl-a"/>
      </object_component>
      <object_component id="oc-20c">
         <name>.debug_info</name>
         <load_address>0x3eef</load_address>
         <run_address>0x3eef</run_address>
         <size>0x7fe</size>
         <input_file_ref idref="fl-a"/>
      </object_component>
      <object_component id="oc-189">
         <name>.debug_info</name>
         <load_address>0x46ed</load_address>
         <run_address>0x46ed</run_address>
         <size>0x3ea</size>
         <input_file_ref idref="fl-b"/>
      </object_component>
      <object_component id="oc-16b">
         <name>.debug_info</name>
         <load_address>0x4ad7</load_address>
         <run_address>0x4ad7</run_address>
         <size>0x112</size>
         <input_file_ref idref="fl-b"/>
      </object_component>
      <object_component id="oc-106">
         <name>.debug_info</name>
         <load_address>0x4be9</load_address>
         <run_address>0x4be9</run_address>
         <size>0x269</size>
         <input_file_ref idref="fl-b"/>
      </object_component>
      <object_component id="oc-351">
         <name>.debug_info</name>
         <load_address>0x4e52</load_address>
         <run_address>0x4e52</run_address>
         <size>0x1ba</size>
         <input_file_ref idref="fl-b"/>
      </object_component>
      <object_component id="oc-2c5">
         <name>.debug_info</name>
         <load_address>0x500c</load_address>
         <run_address>0x500c</run_address>
         <size>0x176</size>
         <input_file_ref idref="fl-b"/>
      </object_component>
      <object_component id="oc-2fb">
         <name>.debug_info</name>
         <load_address>0x5182</load_address>
         <run_address>0x5182</run_address>
         <size>0x159</size>
         <input_file_ref idref="fl-b"/>
      </object_component>
      <object_component id="oc-360">
         <name>.debug_info</name>
         <load_address>0x52db</load_address>
         <run_address>0x52db</run_address>
         <size>0x160</size>
         <input_file_ref idref="fl-c"/>
      </object_component>
      <object_component id="oc-2e9">
         <name>.debug_info</name>
         <load_address>0x543b</load_address>
         <run_address>0x543b</run_address>
         <size>0x1e9</size>
         <input_file_ref idref="fl-c"/>
      </object_component>
      <object_component id="oc-25a">
         <name>.debug_info</name>
         <load_address>0x5624</load_address>
         <run_address>0x5624</run_address>
         <size>0x2dc</size>
         <input_file_ref idref="fl-d"/>
      </object_component>
      <object_component id="oc-19d">
         <name>.debug_info</name>
         <load_address>0x5900</load_address>
         <run_address>0x5900</run_address>
         <size>0x251</size>
         <input_file_ref idref="fl-d"/>
      </object_component>
      <object_component id="oc-23c">
         <name>.debug_info</name>
         <load_address>0x5b51</load_address>
         <run_address>0x5b51</run_address>
         <size>0x352</size>
         <input_file_ref idref="fl-d"/>
      </object_component>
      <object_component id="oc-251">
         <name>.debug_info</name>
         <load_address>0x5ea3</load_address>
         <run_address>0x5ea3</run_address>
         <size>0x383</size>
         <input_file_ref idref="fl-d"/>
      </object_component>
      <object_component id="oc-17e">
         <name>.debug_info</name>
         <load_address>0x6226</load_address>
         <run_address>0x6226</run_address>
         <size>0x2cc</size>
         <input_file_ref idref="fl-d"/>
      </object_component>
      <object_component id="oc-32f">
         <name>.debug_info</name>
         <load_address>0x64f2</load_address>
         <run_address>0x64f2</run_address>
         <size>0x244</size>
         <input_file_ref idref="fl-e"/>
      </object_component>
      <object_component id="oc-2dd">
         <name>.debug_info</name>
         <load_address>0x6736</load_address>
         <run_address>0x6736</run_address>
         <size>0x175</size>
         <input_file_ref idref="fl-e"/>
      </object_component>
      <object_component id="oc-2f5">
         <name>.debug_info</name>
         <load_address>0x68ab</load_address>
         <run_address>0x68ab</run_address>
         <size>0x17b</size>
         <input_file_ref idref="fl-e"/>
      </object_component>
      <object_component id="oc-329">
         <name>.debug_info</name>
         <load_address>0x6a26</load_address>
         <run_address>0x6a26</run_address>
         <size>0x1a4</size>
         <input_file_ref idref="fl-e"/>
      </object_component>
      <object_component id="oc-2e3">
         <name>.debug_info</name>
         <load_address>0x6bca</load_address>
         <run_address>0x6bca</run_address>
         <size>0x255</size>
         <input_file_ref idref="fl-e"/>
      </object_component>
      <object_component id="oc-27c">
         <name>.debug_info</name>
         <load_address>0x6e1f</load_address>
         <run_address>0x6e1f</run_address>
         <size>0x23c</size>
         <input_file_ref idref="fl-e"/>
      </object_component>
      <object_component id="oc-276">
         <name>.debug_info</name>
         <load_address>0x705b</load_address>
         <run_address>0x705b</run_address>
         <size>0x23f</size>
         <input_file_ref idref="fl-e"/>
      </object_component>
      <object_component id="oc-248">
         <name>.debug_info</name>
         <load_address>0x729a</load_address>
         <run_address>0x729a</run_address>
         <size>0x320</size>
         <input_file_ref idref="fl-f"/>
      </object_component>
      <object_component id="oc-388">
         <name>.debug_info</name>
         <load_address>0x75ba</load_address>
         <run_address>0x75ba</run_address>
         <size>0x2db</size>
         <input_file_ref idref="fl-f"/>
      </object_component>
      <object_component id="oc-368">
         <name>.debug_info</name>
         <load_address>0x7895</load_address>
         <run_address>0x7895</run_address>
         <size>0x383</size>
         <input_file_ref idref="fl-f"/>
      </object_component>
      <object_component id="oc-235">
         <name>.debug_info</name>
         <load_address>0x7c18</load_address>
         <run_address>0x7c18</run_address>
         <size>0x243</size>
         <input_file_ref idref="fl-f"/>
      </object_component>
      <object_component id="oc-362">
         <name>.debug_info</name>
         <load_address>0x7e5b</load_address>
         <run_address>0x7e5b</run_address>
         <size>0x228</size>
         <input_file_ref idref="fl-f"/>
      </object_component>
      <object_component id="oc-242">
         <name>.debug_info</name>
         <load_address>0x8083</load_address>
         <run_address>0x8083</run_address>
         <size>0x202</size>
         <input_file_ref idref="fl-f"/>
      </object_component>
      <object_component id="oc-2ef">
         <name>.debug_info</name>
         <load_address>0x8285</load_address>
         <run_address>0x8285</run_address>
         <size>0x358</size>
         <input_file_ref idref="fl-f"/>
      </object_component>
      <object_component id="oc-16e">
         <name>.debug_info</name>
         <load_address>0x85dd</load_address>
         <run_address>0x85dd</run_address>
         <size>0x413</size>
         <input_file_ref idref="fl-f"/>
      </object_component>
      <object_component id="oc-376">
         <name>.debug_info</name>
         <load_address>0x89f0</load_address>
         <run_address>0x89f0</run_address>
         <size>0x189</size>
         <input_file_ref idref="fl-10"/>
      </object_component>
      <object_component id="oc-257">
         <name>.debug_info</name>
         <load_address>0x8b79</load_address>
         <run_address>0x8b79</run_address>
         <size>0xf2</size>
         <input_file_ref idref="fl-10"/>
      </object_component>
      <object_component id="oc-310">
         <name>.debug_info</name>
         <load_address>0x8c6b</load_address>
         <run_address>0x8c6b</run_address>
         <size>0x20f</size>
         <input_file_ref idref="fl-10"/>
      </object_component>
      <object_component id="oc-284">
         <name>.debug_info</name>
         <load_address>0x8e7a</load_address>
         <run_address>0x8e7a</run_address>
         <size>0x15e</size>
         <input_file_ref idref="fl-11"/>
      </object_component>
      <object_component id="oc-1a9">
         <name>.debug_info</name>
         <load_address>0x8fd8</load_address>
         <run_address>0x8fd8</run_address>
         <size>0x204</size>
         <input_file_ref idref="fl-11"/>
      </object_component>
      <object_component id="oc-2ce">
         <name>.debug_info</name>
         <load_address>0x91dc</load_address>
         <run_address>0x91dc</run_address>
         <size>0x2ca</size>
         <input_file_ref idref="fl-12"/>
      </object_component>
      <object_component id="oc-100">
         <name>.debug_info</name>
         <load_address>0x94a6</load_address>
         <run_address>0x94a6</run_address>
         <size>0x136</size>
         <input_file_ref idref="fl-12"/>
      </object_component>
      <object_component id="oc-200">
         <name>.debug_info</name>
         <load_address>0x95dc</load_address>
         <run_address>0x95dc</run_address>
         <size>0x148</size>
         <input_file_ref idref="fl-12"/>
      </object_component>
      <object_component id="oc-1a3">
         <name>.debug_info</name>
         <load_address>0x9724</load_address>
         <run_address>0x9724</run_address>
         <size>0x17a</size>
         <input_file_ref idref="fl-13"/>
      </object_component>
      <object_component id="oc-2d6">
         <name>.debug_info</name>
         <load_address>0x989e</load_address>
         <run_address>0x989e</run_address>
         <size>0x1bc</size>
         <input_file_ref idref="fl-13"/>
      </object_component>
      <object_component id="oc-1ed">
         <name>.debug_info</name>
         <load_address>0x9a5a</load_address>
         <run_address>0x9a5a</run_address>
         <size>0x11b</size>
         <input_file_ref idref="fl-14"/>
      </object_component>
      <object_component id="oc-206">
         <name>.debug_info</name>
         <load_address>0x9b75</load_address>
         <run_address>0x9b75</run_address>
         <size>0x26a</size>
         <input_file_ref idref="fl-14"/>
      </object_component>
      <object_component id="oc-ec">
         <name>.debug_info</name>
         <load_address>0x9ddf</load_address>
         <run_address>0x9ddf</run_address>
         <size>0x1a7</size>
         <input_file_ref idref="fl-49"/>
      </object_component>
      <object_component id="oc-77">
         <name>.debug_info</name>
         <load_address>0x9f86</load_address>
         <run_address>0x9f86</run_address>
         <size>0x1a9</size>
         <input_file_ref idref="fl-49"/>
      </object_component>
      <object_component id="oc-e7">
         <name>.debug_info</name>
         <load_address>0xa12f</load_address>
         <run_address>0xa12f</run_address>
         <size>0x46</size>
         <input_file_ref idref="fl-49"/>
      </object_component>
      <object_component id="oc-15c">
         <name>.debug_info</name>
         <load_address>0xa175</load_address>
         <run_address>0xa175</run_address>
         <size>0x2c</size>
         <input_file_ref idref="fl-49"/>
      </object_component>
      <object_component id="oc-f4">
         <name>.debug_info</name>
         <load_address>0xa1a1</load_address>
         <run_address>0xa1a1</run_address>
         <size>0x164</size>
         <input_file_ref idref="fl-4a"/>
      </object_component>
      <object_component id="oc-ef">
         <name>.debug_info</name>
         <load_address>0xa305</load_address>
         <run_address>0xa305</run_address>
         <size>0x21b</size>
         <input_file_ref idref="fl-4a"/>
      </object_component>
      <object_component id="oc-7c">
         <name>.debug_info</name>
         <load_address>0xa520</load_address>
         <run_address>0xa520</run_address>
         <size>0x192</size>
         <input_file_ref idref="fl-4a"/>
      </object_component>
      <object_component id="oc-f5">
         <name>.debug_info</name>
         <load_address>0xa6b2</load_address>
         <run_address>0xa6b2</run_address>
         <size>0x39</size>
         <input_file_ref idref="fl-4a"/>
      </object_component>
      <object_component id="oc-fb">
         <name>.debug_info</name>
         <load_address>0xa6eb</load_address>
         <run_address>0xa6eb</run_address>
         <size>0xec</size>
         <input_file_ref idref="fl-4c"/>
      </object_component>
      <object_component id="oc-117">
         <name>.debug_info</name>
         <load_address>0xa7d7</load_address>
         <run_address>0xa7d7</run_address>
         <size>0x155</size>
         <input_file_ref idref="fl-63"/>
      </object_component>
      <object_component id="oc-9c">
         <name>.debug_info</name>
         <load_address>0xa92c</load_address>
         <run_address>0xa92c</run_address>
         <size>0x19b</size>
         <input_file_ref idref="fl-63"/>
      </object_component>
      <object_component id="oc-112">
         <name>.debug_info</name>
         <load_address>0xaac7</load_address>
         <run_address>0xaac7</run_address>
         <size>0x46</size>
         <input_file_ref idref="fl-63"/>
      </object_component>
      <object_component id="oc-1c0">
         <name>.debug_info</name>
         <load_address>0xab0d</load_address>
         <run_address>0xab0d</run_address>
         <size>0x112</size>
         <input_file_ref idref="fl-64"/>
      </object_component>
      <object_component id="oc-24c">
         <name>.debug_info</name>
         <load_address>0xac1f</load_address>
         <run_address>0xac1f</run_address>
         <size>0xfe</size>
         <input_file_ref idref="fl-65"/>
      </object_component>
      <object_component id="oc-373">
         <name>.debug_info</name>
         <load_address>0xad1d</load_address>
         <run_address>0xad1d</run_address>
         <size>0x10d</size>
         <input_file_ref idref="fl-67"/>
      </object_component>
      <object_component id="oc-294">
         <name>.debug_info</name>
         <load_address>0xae2a</load_address>
         <run_address>0xae2a</run_address>
         <size>0x10d</size>
         <input_file_ref idref="fl-69"/>
      </object_component>
      <object_component id="oc-1b7">
         <name>.debug_info</name>
         <load_address>0xaf37</load_address>
         <run_address>0xaf37</run_address>
         <size>0x103</size>
         <input_file_ref idref="fl-6d"/>
      </object_component>
      <object_component id="oc-1bb">
         <name>.debug_info</name>
         <load_address>0xb03a</load_address>
         <run_address>0xb03a</run_address>
         <size>0x103</size>
         <input_file_ref idref="fl-6e"/>
      </object_component>
      <object_component id="oc-dd">
         <name>.debug_info</name>
         <load_address>0xb13d</load_address>
         <run_address>0xb13d</run_address>
         <size>0xd6</size>
         <input_file_ref idref="fl-6f"/>
      </object_component>
      <object_component id="oc-1cf">
         <name>.debug_info</name>
         <load_address>0xb213</load_address>
         <run_address>0xb213</run_address>
         <size>0x304</size>
         <input_file_ref idref="fl-71"/>
      </object_component>
      <object_component id="oc-11f">
         <name>.debug_info</name>
         <load_address>0xb517</load_address>
         <run_address>0xb517</run_address>
         <size>0x1d8</size>
         <input_file_ref idref="fl-71"/>
      </object_component>
      <object_component id="oc-2a4">
         <name>.debug_info</name>
         <load_address>0xb6ef</load_address>
         <run_address>0xb6ef</run_address>
         <size>0x39</size>
         <input_file_ref idref="fl-71"/>
      </object_component>
      <object_component id="oc-1d0">
         <name>.debug_info</name>
         <load_address>0xb728</load_address>
         <run_address>0xb728</run_address>
         <size>0x2c</size>
         <input_file_ref idref="fl-71"/>
      </object_component>
      <object_component id="oc-b9">
         <name>.debug_info</name>
         <load_address>0xb754</load_address>
         <run_address>0xb754</run_address>
         <size>0x177</size>
         <input_file_ref idref="fl-72"/>
      </object_component>
      <object_component id="oc-119">
         <name>.debug_info</name>
         <load_address>0xb8cb</load_address>
         <run_address>0xb8cb</run_address>
         <size>0x129</size>
         <input_file_ref idref="fl-74"/>
      </object_component>
      <object_component id="oc-141">
         <name>.debug_info</name>
         <load_address>0xb9f4</load_address>
         <run_address>0xb9f4</run_address>
         <size>0xf8</size>
         <input_file_ref idref="fl-75"/>
      </object_component>
      <object_component id="oc-154">
         <name>.debug_info</name>
         <load_address>0xbaec</load_address>
         <run_address>0xbaec</run_address>
         <size>0x15d</size>
         <input_file_ref idref="fl-78"/>
      </object_component>
      <object_component id="oc-e1">
         <name>.debug_info</name>
         <load_address>0xbc49</load_address>
         <run_address>0xbc49</run_address>
         <size>0x172</size>
         <input_file_ref idref="fl-78"/>
      </object_component>
      <object_component id="oc-155">
         <name>.debug_info</name>
         <load_address>0xbdbb</load_address>
         <run_address>0xbdbb</run_address>
         <size>0x2c</size>
         <input_file_ref idref="fl-78"/>
      </object_component>
      <object_component id="oc-263">
         <name>.debug_info</name>
         <load_address>0xbde7</load_address>
         <run_address>0xbde7</run_address>
         <size>0x14d</size>
         <input_file_ref idref="fl-79"/>
      </object_component>
      <object_component id="oc-190">
         <name>.debug_info</name>
         <load_address>0xbf34</load_address>
         <run_address>0xbf34</run_address>
         <size>0x227</size>
         <input_file_ref idref="fl-79"/>
      </object_component>
      <object_component id="oc-3fd">
         <name>.debug_info</name>
         <load_address>0xc15b</load_address>
         <run_address>0xc15b</run_address>
         <size>0xbc</size>
      </object_component>
      <object_component id="oc-1ea">
         <name>.debug_line</name>
         <load_address>0x0</load_address>
         <run_address>0x0</run_address>
         <size>0x50</size>
         <input_file_ref idref="fl-2"/>
      </object_component>
      <object_component id="oc-151">
         <name>.debug_line</name>
         <load_address>0x50</load_address>
         <run_address>0x50</run_address>
         <size>0x20</size>
         <input_file_ref idref="fl-2"/>
      </object_component>
      <object_component id="oc-21d">
         <name>.debug_line</name>
         <load_address>0x70</load_address>
         <run_address>0x70</run_address>
         <size>0x139</size>
         <input_file_ref idref="fl-3"/>
      </object_component>
      <object_component id="oc-13c">
         <name>.debug_line</name>
         <load_address>0x1a9</load_address>
         <run_address>0x1a9</run_address>
         <size>0x50</size>
         <input_file_ref idref="fl-3"/>
      </object_component>
      <object_component id="oc-18d">
         <name>.debug_line</name>
         <load_address>0x1f9</load_address>
         <run_address>0x1f9</run_address>
         <size>0x63</size>
         <input_file_ref idref="fl-3"/>
      </object_component>
      <object_component id="oc-221">
         <name>.debug_line</name>
         <load_address>0x25c</load_address>
         <run_address>0x25c</run_address>
         <size>0x36</size>
         <input_file_ref idref="fl-3"/>
      </object_component>
      <object_component id="oc-1c9">
         <name>.debug_line</name>
         <load_address>0x292</load_address>
         <run_address>0x292</run_address>
         <size>0x42</size>
         <input_file_ref idref="fl-3"/>
      </object_component>
      <object_component id="oc-260">
         <name>.debug_line</name>
         <load_address>0x2d4</load_address>
         <run_address>0x2d4</run_address>
         <size>0x4e</size>
         <input_file_ref idref="fl-3"/>
      </object_component>
      <object_component id="oc-226">
         <name>.debug_line</name>
         <load_address>0x322</load_address>
         <run_address>0x322</run_address>
         <size>0x38</size>
         <input_file_ref idref="fl-3"/>
      </object_component>
      <object_component id="oc-187">
         <name>.debug_line</name>
         <load_address>0x35a</load_address>
         <run_address>0x35a</run_address>
         <size>0x50</size>
         <input_file_ref idref="fl-3"/>
      </object_component>
      <object_component id="oc-22b">
         <name>.debug_line</name>
         <load_address>0x3aa</load_address>
         <run_address>0x3aa</run_address>
         <size>0x41</size>
         <input_file_ref idref="fl-3"/>
      </object_component>
      <object_component id="oc-305">
         <name>.debug_line</name>
         <load_address>0x3eb</load_address>
         <run_address>0x3eb</run_address>
         <size>0x49</size>
         <input_file_ref idref="fl-3"/>
      </object_component>
      <object_component id="oc-230">
         <name>.debug_line</name>
         <load_address>0x434</load_address>
         <run_address>0x434</run_address>
         <size>0x34</size>
         <input_file_ref idref="fl-3"/>
      </object_component>
      <object_component id="oc-2a1">
         <name>.debug_line</name>
         <load_address>0x468</load_address>
         <run_address>0x468</run_address>
         <size>0x13b</size>
         <input_file_ref idref="fl-4"/>
      </object_component>
      <object_component id="oc-10f">
         <name>.debug_line</name>
         <load_address>0x5a3</load_address>
         <run_address>0x5a3</run_address>
         <size>0xb6</size>
         <input_file_ref idref="fl-4"/>
      </object_component>
      <object_component id="oc-30e">
         <name>.debug_line</name>
         <load_address>0x659</load_address>
         <run_address>0x659</run_address>
         <size>0x67</size>
         <input_file_ref idref="fl-5"/>
      </object_component>
      <object_component id="oc-17a">
         <name>.debug_line</name>
         <load_address>0x6c0</load_address>
         <run_address>0x6c0</run_address>
         <size>0x49</size>
         <input_file_ref idref="fl-5"/>
      </object_component>
      <object_component id="oc-2d3">
         <name>.debug_line</name>
         <load_address>0x709</load_address>
         <run_address>0x709</run_address>
         <size>0x4a</size>
         <input_file_ref idref="fl-5"/>
      </object_component>
[...]
      <symbol id="sm-3d3">
         <name>__STACK_SIZE</name>
         <value>0xa0</value>
      </symbol>
      <symbol id="sm-3d4">
         <name>__STACK_END</name>
         <value>0x2400</value>
      </symbol>
      <symbol id="sm-3d5">
         <name>__c_args__</name>
         <value>0xffffffff</value>
      </symbol>
      <symbol id="sm-43f">
         <name>clocks_setup</name>
         <value>0x1107c</value>
         <object_component_ref idref="oc-1e6"/>
      </symbol>
      <symbol id="sm-47d">
         <name>buzzer</name>
         <value>0x1d0a</value>
      </symbol>
      <symbol id="sm-47e">
         <name>display</name>
         <value>0x1d0a</value>
      </symbol>
      <symbol id="sm-47f">
         <name>touch</name>
         <value>0x1d20</value>
      </symbol>
      <symbol id="sm-480">
         <name>last_sample</name>
         <value>0x1d26</value>
      </symbol>
      <symbol id="sm-481">
         <name>bpm</name>
         <value>0x1d24</value>
      </symbol>
      <symbol id="sm-482">
         <name>main</name>
         <value>0x109ba</value>
         <object_component_ref idref="oc-138"/>
      </symbol>
      <symbol id="sm-4a5">
         <name>__TI_int37</name>
         <value>0xffda</value>
         <object_component_ref idref="oc-89"/>
      </symbol>
      <symbol id="sm-4a6">
         <name>Port_1</name>
         <value>0x4400</value>
         <object_component_ref idref="oc-10b"/>
      </symbol>
      <symbol id="sm-4c8">
         <name>delay_ms</name>
         <value>0x114b4</value>
         <object_component_ref idref="oc-2cf"/>
      </symbol>
      <symbol id="sm-4c9">
         <name>multiplication</name>
         <value>0x111a6</value>
         <object_component_ref idref="oc-31d"/>
      </symbol>
      <symbol id="sm-4ca">
         <name>itoa</name>
         <value>0x10bf6</value>
         <object_component_ref idref="oc-176"/>
      </symbol>
      <symbol id="sm-4d6">
         <name>touch_coordinate_set</name>
         <value>0x112a0</value>
         <object_component_ref idref="oc-26d"/>
      </symbol>
      <symbol id="sm-4e3">
         <name>touch_serial_send</name>
         <value>0x1130c</value>
         <object_component_ref idref="oc-264"/>
      </symbol>
      <symbol id="sm-500">
         <name>touch_initialize</name>
         <value>0x115c2</value>
         <object_component_ref idref="oc-211"/>
      </symbol>
      <symbol id="sm-501">
         <name>touch_setup</name>
         <value>0x10f6e</value>
         <object_component_ref idref="oc-1f8"/>
      </symbol>
      <symbol id="sm-502">
         <name>touch_request_position</name>
         <value>0x10dd6</value>
         <object_component_ref idref="oc-196"/>
      </symbol>
      <symbol id="sm-54d">
         <name>filter_sample</name>
         <value>0x114e4</value>
         <object_component_ref idref="oc-1ae"/>
      </symbol>
      <symbol id="sm-54e">
         <name>band_pass_coef</name>
         <value>0x52e4</value>
         <object_component_ref idref="oc-332"/>
      </symbol>
      <symbol id="sm-54f">
         <name>integrator_3000</name>
         <value>0x11118</value>
         <object_component_ref idref="oc-296"/>
      </symbol>
      <symbol id="sm-550">
         <name>diferentiator_3000</name>
         <value>0x1079e</value>
         <object_component_ref idref="oc-28b"/>
      </symbol>
      <symbol id="sm-551">
         <name>diferentiator_coef</name>
         <value>0x5384</value>
         <object_component_ref idref="oc-343"/>
      </symbol>
      <symbol id="sm-552">
         <name>band_pass_filterino</name>
         <value>0x10000</value>
         <object_component_ref idref="oc-285"/>
      </symbol>
      <symbol id="sm-565">
         <name>display_init</name>
         <value>0x10490</value>
         <object_component_ref idref="oc-20b"/>
      </symbol>
      <symbol id="sm-566">
         <name>display_setup</name>
         <value>0x113f6</value>
         <object_component_ref idref="oc-1f2"/>
      </symbol>
      <symbol id="sm-59e">
         <name>__TI_int36</name>
         <value>0xffd8</value>
         <object_component_ref idref="oc-88"/>
      </symbol>
      <symbol id="sm-59f">
         <name>display_timer_setup</name>
         <value>0x1153c</value>
         <object_component_ref idref="oc-2c4"/>
      </symbol>
      <symbol id="sm-5a0">
         <name>display_timer_start</name>
         <value>0x115a6</value>
         <object_component_ref idref="oc-2fa"/>
      </symbol>
      <symbol id="sm-5a1">
         <name>Timer2_A0_ISR</name>
         <value>0x45f8</value>
         <object_component_ref idref="oc-105"/>
      </symbol>
      <symbol id="sm-5ad">
         <name>color_set_value</name>
         <value>0x11598</value>
         <object_component_ref idref="oc-2e8"/>
      </symbol>
      <symbol id="sm-5de">
         <name>display_functions_write_char</name>
         <value>0x10a52</value>
         <object_component_ref idref="oc-250"/>
      </symbol>
      <symbol id="sm-5df">
         <name>display_functions_write_pixel</name>
         <value>0x1139e</value>
         <object_component_ref idref="oc-19c"/>
      </symbol>
      <symbol id="sm-5e0">
         <name>display_functions_write_string</name>
         <value>0x10eaa</value>
         <object_component_ref idref="oc-17d"/>
      </symbol>
      <symbol id="sm-5e1">
         <name>display_functions_write_line</name>
         <value>0x10cf4</value>
         <object_component_ref idref="oc-23b"/>
      </symbol>
      <symbol id="sm-611">
         <name>display_hal_screen_on</name>
         <value>0x115b4</value>
         <object_component_ref idref="oc-2f4"/>
      </symbol>
      <symbol id="sm-612">
         <name>display_hal_output</name>
         <value>0x11576</value>
         <object_component_ref idref="oc-2dc"/>
      </symbol>
      <symbol id="sm-613">
         <name>display_hal_write_reg</name>
         <value>0x10f0e</value>
         <object_component_ref idref="oc-2e2"/>
      </symbol>
      <symbol id="sm-614">
         <name>display_hal_write_GRAM</name>
         <value>0x10ae8</value>
         <object_component_ref idref="oc-27b"/>
      </symbol>
      <symbol id="sm-615">
         <name>display_hal_set_GRAM_position</name>
         <value>0x1136e</value>
         <object_component_ref idref="oc-275"/>
      </symbol>
      <symbol id="sm-659">
         <name>display_interface_init</name>
         <value>0x11164</value>
         <object_component_ref idref="oc-2ee"/>
      </symbol>
      <symbol id="sm-65a">
         <name>display_interface_write_signal</name>
         <value>0x10870</value>
         <object_component_ref idref="oc-16d"/>
      </symbol>
      <symbol id="sm-66d">
         <name>font_get_char</name>
         <value>0x11264</value>
         <object_component_ref idref="oc-30f"/>
      </symbol>
      <symbol id="sm-66e">
         <name>font</name>
         <value>0x46fe</value>
         <object_component_ref idref="oc-256"/>
      </symbol>
      <symbol id="sm-67a">
         <name>ecg_data_write</name>
         <value>0x114cc</value>
         <object_component_ref idref="oc-1a8"/>
      </symbol>
      <symbol id="sm-68e">
         <name>__TI_int33</name>
         <value>0xffd2</value>
         <object_component_ref idref="oc-85"/>
      </symbol>
      <symbol id="sm-68f">
         <name>buzzer_setup</name>
         <value>0x1133e</value>
         <object_component_ref idref="oc-1ff"/>
      </symbol>
      <symbol id="sm-690">
         <name>Timer3_A0_ISR</name>
         <value>0x46c2</value>
         <object_component_ref idref="oc-ff"/>
      </symbol>
      <symbol id="sm-6ab">
         <name>afe_serial_write_register</name>
         <value>0x10fce</value>
         <object_component_ref idref="oc-2d5"/>
      </symbol>
      <symbol id="sm-6ac">
         <name>afe_serial_send</name>
         <value>0x112da</value>
         <object_component_ref idref="oc-1a2"/>
      </symbol>
      <symbol id="sm-6bd">
         <name>afe_init</name>
         <value>0x10918</value>
         <object_component_ref idref="oc-205"/>
      </symbol>
      <symbol id="sm-6be">
         <name>afe_setup</name>
         <value>0x10c7a</value>
         <object_component_ref idref="oc-1ec"/>
      </symbol>
      <symbol id="sm-6d4">
         <name>__TI_decompress_none</name>
         <value>0x11564</value>
         <object_component_ref idref="oc-74"/>
      </symbol>
      <symbol id="sm-6f6">
         <name>__TI_decompress_rle24</name>
         <value>0x115bc</value>
         <object_component_ref idref="oc-7a"/>
      </symbol>
      <symbol id="sm-6f9">
         <name>__TI_int27</name>
         <value>0xffc6</value>
         <object_component_ref idref="oc-80"/>
      </symbol>
      <symbol id="sm-701">
         <name>__TI_ISR_TRAP</name>
         <value>0x46f8</value>
         <object_component_ref idref="oc-fa"/>
      </symbol>
      <symbol id="sm-704">
         <name>__TI_int28</name>
         <value>0xffc8</value>
         <object_component_ref idref="oc-81"/>
      </symbol>
      <symbol id="sm-707">
         <name>__TI_int30</name>
         <value>0xffcc</value>
         <object_component_ref idref="oc-82"/>
      </symbol>
      <symbol id="sm-70a">
         <name>__TI_int31</name>
         <value>0xffce</value>
         <object_component_ref idref="oc-83"/>
      </symbol>
      <symbol id="sm-70d">
         <name>__TI_int32</name>
         <value>0xffd0</value>
         <object_component_ref idref="oc-84"/>
      </symbol>
      <symbol id="sm-710">
         <name>__TI_int34</name>
         <value>0xffd4</value>
         <object_component_ref idref="oc-86"/>
      </symbol>
      <symbol id="sm-713">
         <name>__TI_int35</name>
         <value>0xffd6</value>
         <object_component_ref idref="oc-87"/>
      </symbol>
      <symbol id="sm-716">
         <name>__TI_int38</name>
         <value>0xffdc</value>
         <object_component_ref idref="oc-8a"/>
      </symbol>
      <symbol id="sm-719">
         <name>__TI_int39</name>
         <value>0xffde</value>
         <object_component_ref idref="oc-8b"/>
      </symbol>
      <symbol id="sm-71c">
         <name>__TI_int40</name>
         <value>0xffe0</value>
         <object_component_ref idref="oc-8c"/>
      </symbol>
      <symbol id="sm-71f">
         <name>__TI_int41</name>
         <value>0xffe2</value>
         <object_component_ref idref="oc-8d"/>
      </symbol>
      <symbol id="sm-722">
         <name>__TI_int42</name>
         <value>0xffe4</value>
         <object_component_ref idref="oc-8e"/>
      </symbol>
      <symbol id="sm-725">
         <name>__TI_int43</name>
         <value>0xffe6</value>
         <object_component_ref idref="oc-8f"/>
      </symbol>
      <symbol id="sm-728">
         <name>__TI_int44</name>
         <value>0xffe8</value>
         <object_component_ref idref="oc-90"/>
      </symbol>
      <symbol id="sm-72b">
         <name>__TI_int45</name>
         <value>0xffea</value>
         <object_component_ref idref="oc-91"/>
      </symbol>
      <symbol id="sm-72e">
         <name>__TI_int46</name>
         <value>0xffec</value>
         <object_component_ref idref="oc-92"/>
      </symbol>
      <symbol id="sm-731">
         <name>__TI_int47</name>
         <value>0xffee</value>
         <object_component_ref idref="oc-93"/>
      </symbol>
      <symbol id="sm-734">
         <name>__TI_int49</name>
         <value>0xfff2</value>
         <object_component_ref idref="oc-94"/>
      </symbol>
      <symbol id="sm-737">
         <name>__TI_int50</name>
         <value>0xfff4</value>
         <object_component_ref idref="oc-95"/>
      </symbol>
      <symbol id="sm-73a">
         <name>__TI_int51</name>
         <value>0xfff6</value>
         <object_component_ref idref="oc-96"/>
      </symbol>
      <symbol id="sm-73d">
         <name>__TI_int52</name>
         <value>0xfff8</value>
         <object_component_ref idref="oc-97"/>
      </symbol>
      <symbol id="sm-740">
         <name>__TI_int53</name>
         <value>0xfffa</value>
         <object_component_ref idref="oc-98"/>
      </symbol>
      <symbol id="sm-743">
         <name>__TI_int54</name>
         <value>0xfffc</value>
         <object_component_ref idref="oc-99"/>
      </symbol>
      <symbol id="sm-756">
         <name>__TI_zero_init</name>
         <value>0x11420</value>
         <object_component_ref idref="oc-9a"/>
      </symbol>
      <symbol id="sm-762">
         <name>__mspabi_remi</name>
         <value>0x113ca</value>
         <object_component_ref idref="oc-1bf"/>
      </symbol>
      <symbol id="sm-763">
         <name>__mspabi_divi</name>
         <value>0x113ca</value>
         <object_component_ref idref="oc-1bf"/>
      </symbol>
      <symbol id="sm-76d">
         <name>__mspabi_remu</name>
         <value>0x11510</value>
         <object_component_ref idref="oc-249"/>
      </symbol>
      <symbol id="sm-76e">
         <name>__mspabi_divu</name>
         <value>0x11510</value>
         <object_component_ref idref="oc-249"/>
      </symbol>
      <symbol id="sm-77c">
         <name>__mspabi_mpyi_f5hw</name>
         <value>0x11526</value>
         <object_component_ref idref="oc-370"/>
      </symbol>
      <symbol id="sm-78f">
         <name>__mspabi_mpyl_f5hw</name>
         <value>0x11444</value>
         <object_component_ref idref="oc-291"/>
      </symbol>
      <symbol id="sm-7bb">
         <name>__mspabi_slll_9</name>
         <value>0x1123e</value>
         <object_component_ref idref="oc-1b5"/>
      </symbol>
      <symbol id="sm-7bc">
         <name>__mspabi_slll_8</name>
         <value>0x11242</value>
         <object_component_ref idref="oc-1b5"/>
      </symbol>
      <symbol id="sm-7bd">
         <name>__mspabi_slll_7</name>
         <value>0x11246</value>
         <object_component_ref idref="oc-1b5"/>
      </symbol>
      <symbol id="sm-7be">
         <name>__mspabi_slll_6</name>
         <value>0x1124a</value>
         <object_component_ref idref="oc-1b5"/>
      </symbol>
      <symbol id="sm-7bf">
         <name>__mspabi_slll_5</name>
         <value>0x1124e</value>
         <object_component_ref idref="oc-1b5"/>
      </symbol>
      <symbol id="sm-7c0">
         <name>__mspabi_slll_4</name>
         <value>0x11252</value>
         <object_component_ref idref="oc-1b5"/>
      </symbol>
      <symbol id="sm-7c1">
         <name>__mspabi_slll_3</name>
         <value>0x11256</value>
         <object_component_ref idref="oc-1b5"/>
      </symbol>
      <symbol id="sm-7c2">
         <name>__mspabi_slll_2</name>
         <value>0x1125a</value>
         <object_component_ref idref="oc-1b5"/>
      </symbol>
      <symbol id="sm-7c3">
         <name>__mspabi_slll_1</name>
         <value>0x1125e</value>
         <object_component_ref idref="oc-1b5"/>
      </symbol>
      <symbol id="sm-7c4">
         <name>__mspabi_slll_15</name>
         <value>0x11226</value>
         <object_component_ref idref="oc-1b5"/>
      </symbol>
      <symbol id="sm-7c5">
         <name>__mspabi_slll_14</name>
         <value>0x1122a</value>
         <object_component_ref idref="oc-1b5"/>
      </symbol>
      <symbol id="sm-7c6">
         <name>__mspabi_slll_13</name>
         <value>0x1122e</value>
         <object_component_ref idref="oc-1b5"/>
      </symbol>
      <symbol id="sm-7c7">
         <name>__mspabi_slll_12</name>
         <value>0x11232</value>
         <object_component_ref idref="oc-1b5"/>
      </symbol>
      <symbol id="sm-7c8">
         <name>__mspabi_slll_11</name>
         <value>0x11236</value>
         <object_component_ref idref="oc-1b5"/>
      </symbol>
      <symbol id="sm-7c9">
         <name>__mspabi_slll_10</name>
         <value>0x1123a</value>
         <object_component_ref idref="oc-1b5"/>
      </symbol>
      <symbol id="sm-7d1">
         <name>__mspabi_sral_15</name>
         <value>0x111e8</value>
         <object_component_ref idref="oc-1ba"/>
      </symbol>
      <symbol id="sm-7d2">
         <name>__mspabi_sral_14</name>
         <value>0x111ec</value>
         <object_component_ref idref="oc-1ba"/>
      </symbol>
      <symbol id="sm-7d3">
         <name>__mspabi_sral_13</name>
         <value>0x111f0</value>
         <object_component_ref idref="oc-1ba"/>
      </symbol>
      <symbol id="sm-7d4">
         <name>__mspabi_sral_12</name>
         <value>0x111f4</value>
         <object_component_ref idref="oc-1ba"/>
      </symbol>
      <symbol id="sm-7d5">
         <name>__mspabi_sral_11</name>
         <value>0x111f8</value>
         <object_component_ref idref="oc-1ba"/>
      </symbol>
      <symbol id="sm-7d6">
         <name>__mspabi_sral_10</name>
         <value>0x111fc</value>
         <object_component_ref idref="oc-1ba"/>
      </symbol>
      <symbol id="sm-7d7">
         <name>__mspabi_sral_8</name>
         <value>0x11204</value>
         <object_component_ref idref="oc-1ba"/>
      </symbol>
      <symbol id="sm-7d8">
         <name>__mspabi_sral_9</name>
         <value>0x11200</value>
         <object_component_ref idref="oc-1ba"/>
      </symbol>
      <symbol id="sm-7d9">
         <name>__mspabi_sral_6</name>
         <value>0x1120c</value>
         <object_component_ref idref="oc-1ba"/>
      </symbol>
      <symbol id="sm-7da">
         <name>__mspabi_sral_7</name>
         <value>0x11208</value>
         <object_component_ref idref="oc-1ba"/>
      </symbol>
      <symbol id="sm-7db">
         <name>__mspabi_sral_4</name>
         <value>0x11214</value>
         <object_component_ref idref="oc-1ba"/>
      </symbol>
      <symbol id="sm-7dc">
         <name>__mspabi_sral_5</name>
         <value>0x11210</value>
         <object_component_ref idref="oc-1ba"/>
      </symbol>
      <symbol id="sm-7dd">
         <name>__mspabi_sral_2</name>
         <value>0x1121c</value>
         <object_component_ref idref="oc-1ba"/>
      </symbol>
      <symbol id="sm-7de">
         <name>__mspabi_sral_3</name>
         <value>0x11218</value>
         <object_component_ref idref="oc-1ba"/>
      </symbol>
      <symbol id="sm-7df">
         <name>__mspabi_sral_1</name>
         <value>0x11220</value>
         <object_component_ref idref="oc-1ba"/>
      </symbol>
      <symbol id="sm-7e8">
         <name>_stack</name>
         <value>0x2360</value>
         <object_component_ref idref="oc-dc"/>
      </symbol>
      <symbol id="sm-7e9">
         <name>_reset_vector</name>
         <value>0xfffe</value>
         <object_component_ref idref="oc-df"/>
      </symbol>
      <symbol id="sm-807">
         <name>_auto_init_hold_wdt</name>
         <value>0x10d6a</value>
         <object_component_ref idref="oc-11e"/>
      </symbol>
      <symbol id="sm-812">
         <name>_c_int00_noargs_noexit</name>
         <value>0x46de</value>
         <object_component_ref idref="oc-b8"/>
      </symbol>
      <symbol id="sm-81c">
         <name>_system_pre_init</name>
         <value>0x115c8</value>
         <object_component_ref idref="oc-118"/>
      </symbol>
      <symbol id="sm-827">
         <name>C$$EXIT</name>
         <value>0x115cc</value>
         <object_component_ref idref="oc-140"/>
      </symbol>
      <symbol id="sm-828">
         <name>abort</name>
         <value>0x115cc</value>
         <object_component_ref idref="oc-140"/>
      </symbol>
      <symbol id="sm-83d">
         <name>memcpy</name>
         <value>0x11550</value>
         <object_component_ref idref="oc-e0"/>
      </symbol>
      <symbol id="sm-84b">
         <name>memset</name>
         <value>0x114fa</value>
         <object_component_ref idref="oc-18f"/>
      </symbol>
      <symbol id="sm-850">
         <name>__TI_INITARRAY_Base</name>
         <value>0x0</value>
      </symbol>
      <symbol id="sm-851">
         <name>__TI_INITARRAY_Limit</name>
         <value>0x0</value>
      </symbol>
   </symbol_table>
   <title>Link successful</title>
</link_info>
